Component: ARM Compiler 5.06 update 7 (build 960) Tool: armlink [4d3601]

==============================================================================

Section Cross References

    startup_stm32f407xx.o(STACK) refers (Special) to heapauxi.o(.text) for __use_two_region_memory
    startup_stm32f407xx.o(HEAP) refers (Special) to heapauxi.o(.text) for __use_two_region_memory
    startup_stm32f407xx.o(RESET) refers (Special) to heapauxi.o(.text) for __use_two_region_memory
    startup_stm32f407xx.o(RESET) refers to startup_stm32f407xx.o(STACK) for __initial_sp
    startup_stm32f407xx.o(RESET) refers to startup_stm32f407xx.o(.text) for Reset_Handler
    startup_stm32f407xx.o(RESET) refers to stm32f4xx_it.o(i.NMI_Handler) for NMI_Handler
    startup_stm32f407xx.o(RESET) refers to stm32f4xx_it.o(i.HardFault_Handler) for HardFault_Handler
    startup_stm32f407xx.o(RESET) refers to stm32f4xx_it.o(i.MemManage_Handler) for MemManage_Handler
    startup_stm32f407xx.o(RESET) refers to stm32f4xx_it.o(i.BusFault_Handler) for BusFault_Handler
    startup_stm32f407xx.o(RESET) refers to stm32f4xx_it.o(i.UsageFault_Handler) for UsageFault_Handler
    startup_stm32f407xx.o(RESET) refers to stm32f4xx_it.o(i.SVC_Handler) for SVC_Handler
    startup_stm32f407xx.o(RESET) refers to stm32f4xx_it.o(i.DebugMon_Handler) for DebugMon_Handler
    startup_stm32f407xx.o(RESET) refers to stm32f4xx_it.o(i.PendSV_Handler) for PendSV_Handler
    startup_stm32f407xx.o(RESET) refers to stm32f4xx_it.o(i.SysTick_Handler) for SysTick_Handler
    startup_stm32f407xx.o(.text) refers (Special) to heapauxi.o(.text) for __use_two_region_memory
    startup_stm32f407xx.o(.text) refers to system_stm32f4xx.o(i.SystemInit) for SystemInit
    startup_stm32f407xx.o(.text) refers to __main.o(!!!main) for __main
    startup_stm32f407xx.o(.text) refers to startup_stm32f407xx.o(HEAP) for Heap_Mem
    startup_stm32f407xx.o(.text) refers to startup_stm32f407xx.o(STACK) for Stack_Mem
    rplidara1.o(i.lidar_get_express_scan) refers to stm32f4xx_hal_uart.o(i.HAL_UART_Transmit) for HAL_UART_Transmit
    rplidara1.o(i.lidar_get_express_scan) refers to stm32f4xx_hal_uart.o(i.HAL_UART_Receive) for HAL_UART_Receive
    rplidara1.o(i.lidar_get_express_scan) refers to rplidara1.o(i.lidar_read_express_scan) for lidar_read_express_scan
    rplidara1.o(i.lidar_get_health) refers to stm32f4xx_hal_uart.o(i.HAL_UART_Transmit) for HAL_UART_Transmit
    rplidara1.o(i.lidar_get_health) refers to stm32f4xx_hal_uart.o(i.HAL_UART_Receive) for HAL_UART_Receive
    rplidara1.o(i.lidar_get_health) refers to rplidara1.o(i.lidar_read_health) for lidar_read_health
    rplidara1.o(i.lidar_get_info) refers to stm32f4xx_hal_uart.o(i.HAL_UART_Transmit) for HAL_UART_Transmit
    rplidara1.o(i.lidar_get_info) refers to stm32f4xx_hal_uart.o(i.HAL_UART_Receive) for HAL_UART_Receive
    rplidara1.o(i.lidar_get_info) refers to rplidara1.o(i.lidar_read_info) for lidar_read_info
    rplidara1.o(i.lidar_get_point) refers to rplidara1.o(i.lidar_read_node) for lidar_read_node
    rplidara1.o(i.lidar_get_point) refers to dflt_clz.o(x$fpl$dfltu) for __aeabi_ui2d
    rplidara1.o(i.lidar_get_point) refers to dmul.o(x$fpl$dmul) for __aeabi_dmul
    rplidara1.o(i.lidar_get_point) refers to d2f.o(x$fpl$d2f) for __aeabi_d2f
    rplidara1.o(i.lidar_get_point) refers to ddiv.o(x$fpl$ddiv) for __aeabi_ddiv
    rplidara1.o(i.lidar_get_point) refers to drleqf.o(x$fpl$drleqf) for __aeabi_cdrcmple
    rplidara1.o(i.lidar_get_point) refers to dleqf.o(x$fpl$dleqf) for __aeabi_cdcmple
    rplidara1.o(i.lidar_get_point) refers to daddsub_clz.o(x$fpl$dsub) for __aeabi_dsub
    rplidara1.o(i.lidar_get_point) refers to floor.o(i.__hardfp_floor) for __hardfp_floor
    rplidara1.o(i.lidar_get_point) refers to dfix.o(x$fpl$dfix) for __aeabi_d2iz
    rplidara1.o(i.lidar_get_point) refers to daddsub_clz.o(x$fpl$dadd) for __aeabi_dadd
    rplidara1.o(i.lidar_get_samplerate) refers to stm32f4xx_hal_uart.o(i.HAL_UART_Transmit) for HAL_UART_Transmit
    rplidara1.o(i.lidar_get_samplerate) refers to stm32f4xx_hal_uart.o(i.HAL_UART_Receive) for HAL_UART_Receive
    rplidara1.o(i.lidar_get_samplerate) refers to rplidara1.o(i.lidar_read_samplerate) for lidar_read_samplerate
    rplidara1.o(i.lidar_get_scanmode) refers to stm32f4xx_hal_uart.o(i.HAL_UART_Transmit) for HAL_UART_Transmit
    rplidara1.o(i.lidar_get_scanmode) refers to stm32f4xx_hal_uart.o(i.HAL_UART_Receive) for HAL_UART_Receive
    rplidara1.o(i.lidar_read_express_scan) refers to dflt_clz.o(x$fpl$dfltu) for __aeabi_ui2d
    rplidara1.o(i.lidar_read_express_scan) refers to dmul.o(x$fpl$dmul) for __aeabi_dmul
    rplidara1.o(i.lidar_read_express_scan) refers to drleqf.o(x$fpl$drleqf) for __aeabi_cdrcmple
    rplidara1.o(i.lidar_read_express_scan) refers to dflt_clz.o(x$fpl$dflt) for __aeabi_i2d
    rplidara1.o(i.lidar_read_express_scan) refers to daddsub_clz.o(x$fpl$dsub) for __aeabi_dsub
[...]
    ../clib/signal.c                         0x00000000   Number         0  defsig_rtred_inner.o ABSOLUTE
    ../clib/signal.c                         0x00000000   Number         0  defsig_abrt_inner.o ABSOLUTE
    ../clib/signal.c                         0x00000000   Number         0  defsig_general.o ABSOLUTE
    ../clib/signal.s                         0x00000000   Number         0  defsig.o ABSOLUTE
    ../clib/stdlib.c                         0x00000000   Number         0  exit.o ABSOLUTE
    ../fplib/basic.s                         0x00000000   Number         0  basic.o ABSOLUTE
    ../fplib/d2f.s                           0x00000000   Number         0  d2f.o ABSOLUTE
    ../fplib/daddsub.s                       0x00000000   Number         0  daddsub_clz.o ABSOLUTE
    ../fplib/dcmpi.s                         0x00000000   Number         0  dcmpi.o ABSOLUTE
    ../fplib/ddiv.s                          0x00000000   Number         0  ddiv.o ABSOLUTE
    ../fplib/dfix.s                          0x00000000   Number         0  dfix.o ABSOLUTE
    ../fplib/dfixu.s                         0x00000000   Number         0  dfixu.o ABSOLUTE
    ../fplib/dflt.s                          0x00000000   Number         0  dflt_clz.o ABSOLUTE
    ../fplib/dleqf.s                         0x00000000   Number         0  dleqf.o ABSOLUTE
    ../fplib/dmul.s                          0x00000000   Number         0  dmul.o ABSOLUTE
    ../fplib/dnaninf.s                       0x00000000   Number         0  dnaninf.o ABSOLUTE
    ../fplib/dretinf.s                       0x00000000   Number         0  dretinf.o ABSOLUTE
    ../fplib/drleqf.s                        0x00000000   Number         0  drleqf.o ABSOLUTE
    ../fplib/f2d.s                           0x00000000   Number         0  f2d.o ABSOLUTE
    ../fplib/fnaninf.s                       0x00000000   Number         0  fnaninf.o ABSOLUTE
    ../fplib/fpinit.s                        0x00000000   Number         0  fpinit.o ABSOLUTE
    ../fplib/fretinf.s                       0x00000000   Number         0  fretinf.o ABSOLUTE
    ../fplib/usenofp.s                       0x00000000   Number         0  usenofp.o ABSOLUTE
    ../mathlib/cos.c                         0x00000000   Number         0  cos_x.o ABSOLUTE
    ../mathlib/cos.c                         0x00000000   Number         0  cos.o ABSOLUTE
    ../mathlib/cos_i.c                       0x00000000   Number         0  cos_i.o ABSOLUTE
    ../mathlib/dunder.c                      0x00000000   Number         0  dunder.o ABSOLUTE
    ../mathlib/fabs.c                        0x00000000   Number         0  fabs.o ABSOLUTE
    ../mathlib/floor.c                       0x00000000   Number         0  floor.o ABSOLUTE
    ../mathlib/fpclassify.c                  0x00000000   Number         0  fpclassify.o ABSOLUTE
    ../mathlib/poly.c                        0x00000000   Number         0  poly.o ABSOLUTE
    ../mathlib/rred.c                        0x00000000   Number         0  rred.o ABSOLUTE
    ../mathlib/sin.c                         0x00000000   Number         0  sin.o ABSOLUTE
    ../mathlib/sin.c                         0x00000000   Number         0  sin_x.o ABSOLUTE
    ../mathlib/sin_i.c                       0x00000000   Number         0  sin_i_x.o ABSOLUTE
    ../mathlib/sin_i.c                       0x00000000   Number         0  sin_i.o ABSOLUTE
    ..\Core\Src\main.c                       0x00000000   Number         0  main.o ABSOLUTE
    ..\Core\Src\stm32f4xx_hal_msp.c          0x00000000   Number         0  stm32f4xx_hal_msp.o ABSOLUTE
    ..\Core\Src\stm32f4xx_it.c               0x00000000   Number         0  stm32f4xx_it.o ABSOLUTE
    ..\Core\Src\system_stm32f4xx.c           0x00000000   Number         0  system_stm32f4xx.o ABSOLUTE
    ..\Drivers\STM32F4xx_HAL_Driver\Src\stm32f4xx_hal.c 0x00000000   Number         0  stm32f4xx_hal.o ABSOLUTE
    ..\Drivers\STM32F4xx_HAL_Driver\Src\stm32f4xx_hal_cortex.c 0x00000000   Number         0  stm32f4xx_hal_cortex.o ABSOLUTE
    ..\Drivers\STM32F4xx_HAL_Driver\Src\stm32f4xx_hal_dma.c 0x00000000   Number         0  stm32f4xx_hal_dma.o ABSOLUTE
    ..\Drivers\STM32F4xx_HAL_Driver\Src\stm32f4xx_hal_dma_ex.c 0x00000000   Number         0  stm32f4xx_hal_dma_ex.o ABSOLUTE
    ..\Drivers\STM32F4xx_HAL_Driver\Src\stm32f4xx_hal_exti.c 0x00000000   Number         0  stm32f4xx_hal_exti.o ABSOLUTE
    ..\Drivers\STM32F4xx_HAL_Driver\Src\stm32f4xx_hal_flash.c 0x00000000   Number         0  stm32f4xx_hal_flash.o ABSOLUTE
    ..\Drivers\STM32F4xx_HAL_Driver\Src\stm32f4xx_hal_flash_ex.c 0x00000000   Number         0  stm32f4xx_hal_flash_ex.o ABSOLUTE
    ..\Drivers\STM32F4xx_HAL_Driver\Src\stm32f4xx_hal_flash_ramfunc.c 0x00000000   Number         0  stm32f4xx_hal_flash_ramfunc.o ABSOLUTE
    ..\Drivers\STM32F4xx_HAL_Driver\Src\stm32f4xx_hal_gpio.c 0x00000000   Number         0  stm32f4xx_hal_gpio.o ABSOLUTE
    ..\Drivers\STM32F4xx_HAL_Driver\Src\stm32f4xx_hal_pwr.c 0x00000000   Number         0  stm32f4xx_hal_pwr.o ABSOLUTE
    ..\Drivers\STM32F4xx_HAL_Driver\Src\stm32f4xx_hal_pwr_ex.c 0x00000000   Number         0  stm32f4xx_hal_pwr_ex.o ABSOLUTE
    ..\Drivers\STM32F4xx_HAL_Driver\Src\stm32f4xx_hal_rcc.c 0x00000000   Number         0  stm32f4xx_hal_rcc.o ABSOLUTE
    ..\Drivers\STM32F4xx_HAL_Driver\Src\stm32f4xx_hal_rcc_ex.c 0x00000000   Number         0  stm32f4xx_hal_rcc_ex.o ABSOLUTE
    ..\Drivers\STM32F4xx_HAL_Driver\Src\stm32f4xx_hal_sram.c 0x00000000   Number         0  stm32f4xx_hal_sram.o ABSOLUTE
    ..\Drivers\STM32F4xx_HAL_Driver\Src\stm32f4xx_hal_tim.c 0x00000000   Number         0  stm32f4xx_hal_tim.o ABSOLUTE
    ..\Drivers\STM32F4xx_HAL_Driver\Src\stm32f4xx_hal_tim_ex.c 0x00000000   Number         0  stm32f4xx_hal_tim_ex.o ABSOLUTE
    ..\Drivers\STM32F4xx_HAL_Driver\Src\stm32f4xx_hal_uart.c 0x00000000   Number         0  stm32f4xx_hal_uart.o ABSOLUTE
    ..\Drivers\STM32F4xx_HAL_Driver\Src\stm32f4xx_ll_fsmc.c 0x00000000   Number         0  stm32f4xx_ll_fsmc.o ABSOLUTE
    ..\MA_ILI9341.c                          0x00000000   Number         0  ma_ili9341.o ABSOLUTE
    ..\RPLidarA1.c                           0x00000000   Number         0  rplidara1.o ABSOLUTE
    ..\\MA_ILI9341.c                         0x00000000   Number         0  ma_ili9341.o ABSOLUTE
    ..\\RPLidarA1.c                          0x00000000   Number         0  rplidara1.o ABSOLUTE
    dc.s                                     0x00000000   Number         0  dc.o ABSOLUTE
    startup_stm32f407xx.s                    0x00000000   Number         0  startup_stm32f407xx.o ABSOLUTE
    RESET                                    0x08000000   Section      392  startup_stm32f407xx.o(RESET)
    !!!main                                  0x08000188   Section        8  __main.o(!!!main)
    !!!scatter                               0x08000190   Section       52  __scatter.o(!!!scatter)
    !!handler_copy                           0x080001c4   Section       26  __scatter_copy.o(!!handler_copy)
    !!handler_zi                             0x080001e0   Section       28  __scatter_zi.o(!!handler_zi)
    .ARM.Collect$$libinit$$00000000          0x080001fc   Section        2  libinit.o(.ARM.Collect$$libinit$$00000000)
    .ARM.Collect$$libinit$$00000001          0x080001fe   Section        4  libinit2.o(.ARM.Collect$$libinit$$00000001)
    .ARM.Collect$$libinit$$00000004          0x08000202   Section        0  libinit2.o(.ARM.Collect$$libinit$$00000004)
    .ARM.Collect$$libinit$$0000000A          0x08000202   Section        0  libinit2.o(.ARM.Collect$$libinit$$0000000A)
    .ARM.Collect$$libinit$$0000000C          0x08000202   Section        0  libinit2.o(.ARM.Collect$$libinit$$0000000C)
    .ARM.Collect$$libinit$$0000000E          0x08000202   Section        0  libinit2.o(.ARM.Collect$$libinit$$0000000E)
    .ARM.Collect$$libinit$$00000011          0x08000202   Section        0  libinit2.o(.ARM.Collect$$libinit$$00000011)
    .ARM.Collect$$libinit$$00000013          0x08000202   Section        0  libinit2.o(.ARM.Collect$$libinit$$00000013)
    .ARM.Collect$$libinit$$00000015          0x08000202   Section        0  libinit2.o(.ARM.Collect$$libinit$$00000015)
    .ARM.Collect$$libinit$$00000017          0x08000202   Section        0  libinit2.o(.ARM.Collect$$libinit$$00000017)
    .ARM.Collect$$libinit$$00000019          0x08000202   Section        0  libinit2.o(.ARM.Collect$$libinit$$00000019)
    .ARM.Collect$$libinit$$0000001B          0x08000202   Section        0  libinit2.o(.ARM.Collect$$libinit$$0000001B)
    .ARM.Collect$$libinit$$0000001D          0x08000202   Section        0  libinit2.o(.ARM.Collect$$libinit$$0000001D)
    .ARM.Collect$$libinit$$0000001F          0x08000202   Section        0  libinit2.o(.ARM.Collect$$libinit$$0000001F)
    .ARM.Collect$$libinit$$00000021          0x08000202   Section        0  libinit2.o(.ARM.Collect$$libinit$$00000021)
    .ARM.Collect$$libinit$$00000023          0x08000202   Section        0  libinit2.o(.ARM.Collect$$libinit$$00000023)
    .ARM.Collect$$libinit$$00000025          0x08000202   Section        0  libinit2.o(.ARM.Collect$$libinit$$00000025)
    .ARM.Collect$$libinit$$0000002C          0x08000202   Section        0  libinit2.o(.ARM.Collect$$libinit$$0000002C)
    .ARM.Collect$$libinit$$0000002E          0x08000202   Section        0  libinit2.o(.ARM.Collect$$libinit$$0000002E)
    .ARM.Collect$$libinit$$00000030          0x08000202   Section        0  libinit2.o(.ARM.Collect$$libinit$$00000030)
    .ARM.Collect$$libinit$$00000032          0x08000202   Section        0  libinit2.o(.ARM.Collect$$libinit$$00000032)
    .ARM.Collect$$libinit$$00000033          0x08000202   Section        2  libinit2.o(.ARM.Collect$$libinit$$00000033)
    .ARM.Collect$$libshutdown$$00000000      0x08000204   Section        2  libshutdown.o(.ARM.Collect$$libshutdown$$00000000)
    .ARM.Collect$$libshutdown$$00000002      0x08000206   Section        0  libshutdown2.o(.ARM.Collect$$libshutdown$$00000002)
    .ARM.Collect$$libshutdown$$00000004      0x08000206   Section        0  libshutdown2.o(.ARM.Collect$$libshutdown$$00000004)
    .ARM.Collect$$libshutdown$$00000006      0x08000206   Section        0  libshutdown2.o(.ARM.Collect$$libshutdown$$00000006)
    .ARM.Collect$$libshutdown$$00000009      0x08000206   Section        0  libshutdown2.o(.ARM.Collect$$libshutdown$$00000009)
    .ARM.Collect$$libshutdown$$0000000C      0x08000206   Section        0  libshutdown2.o(.ARM.Collect$$libshutdown$$0000000C)
    .ARM.Collect$$libshutdown$$0000000E      0x08000206   Section        0  libshutdown2.o(.ARM.Collect$$libshutdown$$0000000E)
    .ARM.Collect$$libshutdown$$00000011      0x08000206   Section        0  libshutdown2.o(.ARM.Collect$$libshutdown$$00000011)
    .ARM.Collect$$libshutdown$$00000012      0x08000206   Section        2  libshutdown2.o(.ARM.Collect$$libshutdown$$00000012)
    .ARM.Collect$$rtentry$$00000000          0x08000208   Section        0  __rtentry.o(.ARM.Collect$$rtentry$$00000000)
    .ARM.Collect$$rtentry$$00000002          0x08000208   Section        0  __rtentry2.o(.ARM.Collect$$rtentry$$00000002)
    .ARM.Collect$$rtentry$$00000004          0x08000208   Section        6  __rtentry4.o(.ARM.Collect$$rtentry$$00000004)
    .ARM.Collect$$rtentry$$00000009          0x0800020e   Section        0  __rtentry2.o(.ARM.Collect$$rtentry$$00000009)
    .ARM.Collect$$rtentry$$0000000A          0x0800020e   Section        4  __rtentry2.o(.ARM.Collect$$rtentry$$0000000A)
    .ARM.Collect$$rtentry$$0000000C          0x08000212   Section        0  __rtentry2.o(.ARM.Collect$$rtentry$$0000000C)
    .ARM.Collect$$rtentry$$0000000D          0x08000212   Section        8  __rtentry2.o(.ARM.Collect$$rtentry$$0000000D)
    .ARM.Collect$$rtexit$$00000000           0x0800021a   Section        2  rtexit.o(.ARM.Collect$$rtexit$$00000000)
    .ARM.Collect$$rtexit$$00000002           0x0800021c   Section        0  rtexit2.o(.ARM.Collect$$rtexit$$00000002)
    .ARM.Collect$$rtexit$$00000003           0x0800021c   Section        4  rtexit2.o(.ARM.Collect$$rtexit$$00000003)
    .ARM.Collect$$rtexit$$00000004           0x08000220   Section        6  rtexit2.o(.ARM.Collect$$rtexit$$00000004)
    .text                                    0x08000228   Section       64  startup_stm32f407xx.o(.text)
    $v0                                      0x08000228   Number         0  startup_stm32f407xx.o(.text)
    .text                                    0x08000268   Section      238  lludivv7m.o(.text)
    .text                                    0x08000356   Section       78  rt_memclr_w.o(.text)
    .text                                    0x080003a4   Section        0  heapauxi.o(.text)
    .text                                    0x080003aa   Section        0  _rserrno.o(.text)
    .text                                    0x080003c0   Section        8  rt_errno_addr_intlibspace.o(.text)
    .text                                    0x080003c8   Section        8  libspace.o(.text)
    .text                                    0x080003d0   Section       74  sys_stackheap_outer.o(.text)
    .text                                    0x0800041a   Section        0  exit.o(.text)
    .text                                    0x0800042c   Section        0  sys_exit.o(.text)
    .text                                    0x08000438   Section        2  use_no_semi.o(.text)
    .text                                    0x0800043a   Section        0  indicate_semi.o(.text)
    i.BusFault_Handler                       0x0800043a   Section        0  stm32f4xx_it.o(i.BusFault_Handler)
    i.DebugMon_Handler                       0x0800043c   Section        0  stm32f4xx_it.o(i.DebugMon_Handler)
    i.FSMC_NORSRAM_Extended_Timing_Init      0x08000440   Section        0  stm32f4xx_ll_fsmc.o(i.FSMC_NORSRAM_Extended_Timing_Init)
    i.FSMC_NORSRAM_Init                      0x0800047c   Section        0  stm32f4xx_ll_fsmc.o(i.FSMC_NORSRAM_Init)
    i.FSMC_NORSRAM_Timing_Init               0x080004e4   Section        0  stm32f4xx_ll_fsmc.o(i.FSMC_NORSRAM_Timing_Init)
    i.HAL_Delay                              0x08000528   Section        0  stm32f4xx_hal.o(i.HAL_Delay)
    i.HAL_FSMC_MspInit                       0x0800054c   Section        0  stm32f4xx_hal_msp.o(i.HAL_FSMC_MspInit)
    HAL_FSMC_MspInit                         0x0800054d   Thumb Code    98  stm32f4xx_hal_msp.o(i.HAL_FSMC_MspInit)
    i.HAL_GPIO_Init                          0x080005c0   Section        0  stm32f4xx_hal_gpio.o(i.HAL_GPIO_Init)
    i.HAL_GPIO_WritePin                      0x080007b0   Section        0  stm32f4xx_hal_gpio.o(i.HAL_GPIO_WritePin)
    i.HAL_GetTick                            0x080007bc   Section        0  stm32f4xx_hal.o(i.HAL_GetTick)
    i.HAL_IncTick                            0x080007c8   Section        0  stm32f4xx_hal.o(i.HAL_IncTick)
    i.HAL_Init                               0x080007d8   Section        0  stm32f4xx_hal.o(i.HAL_Init)
    i.HAL_InitTick                           0x0800080c   Section        0  stm32f4xx_hal.o(i.HAL_InitTick)
    i.HAL_MspInit                            0x0800084c   Section        0  stm32f4xx_hal_msp.o(i.HAL_MspInit)
    i.HAL_NVIC_SetPriority                   0x0800087c   Section        0  stm32f4xx_hal_cortex.o(i.HAL_NVIC_SetPriority)
    i.HAL_NVIC_SetPriorityGrouping           0x080008bc   Section        0  stm32f4xx_hal_cortex.o(i.HAL_NVIC_SetPriorityGrouping)
    i.HAL_RCC_ClockConfig                    0x080008e0   Section        0  stm32f4xx_hal_rcc.o(i.HAL_RCC_ClockConfig)
    i.HAL_RCC_GetPCLK1Freq                   0x08000a14   Section        0  stm32f4xx_hal_rcc.o(i.HAL_RCC_GetPCLK1Freq)
    i.HAL_RCC_GetPCLK2Freq                   0x08000a34   Section        0  stm32f4xx_hal_rcc.o(i.HAL_RCC_GetPCLK2Freq)
    i.HAL_RCC_GetSysClockFreq                0x08000a54   Section        0  stm32f4xx_hal_rcc.o(i.HAL_RCC_GetSysClockFreq)
    i.HAL_RCC_OscConfig                      0x08000ab8   Section        0  stm32f4xx_hal_rcc.o(i.HAL_RCC_OscConfig)
    i.HAL_SRAM_Init                          0x08000e24   Section        0  stm32f4xx_hal_sram.o(i.HAL_SRAM_Init)
    i.HAL_SRAM_MspInit                       0x08000e80   Section        0  stm32f4xx_hal_msp.o(i.HAL_SRAM_MspInit)
    i.HAL_SYSTICK_Config                     0x08000e84   Section        0  stm32f4xx_hal_cortex.o(i.HAL_SYSTICK_Config)
    i.HAL_TIMEx_ConfigBreakDeadTime          0x08000eac   Section        0  stm32f4xx_hal_tim_ex.o(i.HAL_TIMEx_ConfigBreakDeadTime)
    i.HAL_TIMEx_MasterConfigSynchronization  0x08000f00   Section        0  stm32f4xx_hal_tim_ex.o(i.HAL_TIMEx_MasterConfigSynchronization)
    i.HAL_TIM_Base_Init                      0x08000f90   Section        0  stm32f4xx_hal_tim.o(i.HAL_TIM_Base_Init)
    i.HAL_TIM_Base_MspInit                   0x08000fec   Section        0  stm32f4xx_hal_msp.o(i.HAL_TIM_Base_MspInit)
    i.HAL_TIM_ConfigClockSource              0x08001014   Section        0  stm32f4xx_hal_tim.o(i.HAL_TIM_ConfigClockSource)
    i.HAL_TIM_MspPostInit                    0x080010f0   Section        0  stm32f4xx_hal_msp.o(i.HAL_TIM_MspPostInit)
    i.HAL_TIM_PWM_ConfigChannel              0x08001144   Section        0  stm32f4xx_hal_tim.o(i.HAL_TIM_PWM_ConfigChannel)
    i.HAL_TIM_PWM_Init                       0x08001210   Section        0  stm32f4xx_hal_tim.o(i.HAL_TIM_PWM_Init)
    i.HAL_TIM_PWM_MspInit                    0x0800126a   Section        0  stm32f4xx_hal_tim.o(i.HAL_TIM_PWM_MspInit)
    i.HAL_TIM_PWM_Start                      0x0800126c   Section        0  stm32f4xx_hal_tim.o(i.HAL_TIM_PWM_Start)
    i.HAL_UART_Init                          0x08001334   Section        0  stm32f4xx_hal_uart.o(i.HAL_UART_Init)
    i.HAL_UART_MspInit                       0x08001398   Section        0  stm32f4xx_hal_msp.o(i.HAL_UART_MspInit)
    i.HAL_UART_Receive                       0x08001400   Section        0  stm32f4xx_hal_uart.o(i.HAL_UART_Receive)
    i.HAL_UART_Transmit                      0x080014c0   Section        0  stm32f4xx_hal_uart.o(i.HAL_UART_Transmit)
    i.HardFault_Handler                      0x08001572   Section        0  stm32f4xx_it.o(i.HardFault_Handler)
    i.ILI9341_DrawPixel                      0x08001574   Section        0  ma_ili9341.o(i.ILI9341_DrawPixel)
    i.ILI9341_Fill                           0x08001590   Section        0  ma_ili9341.o(i.ILI9341_Fill)
    i.ILI9341_Init                           0x080015d8   Section        0  ma_ili9341.o(i.ILI9341_Init)
    i.ILI9341_SetCursorPosition              0x08001698   Section        0  ma_ili9341.o(i.ILI9341_SetCursorPosition)
    i.ILI9341_setRotation                    0x080016cc   Section        0  ma_ili9341.o(i.ILI9341_setRotation)
    i.MX_FSMC_Init                           0x08001720   Section        0  main.o(i.MX_FSMC_Init)
    MX_FSMC_Init                             0x08001721   Thumb Code   102  main.o(i.MX_FSMC_Init)
    i.MX_GPIO_Init                           0x08001790   Section        0  main.o(i.MX_GPIO_Init)
    MX_GPIO_Init                             0x08001791   Thumb Code   116  main.o(i.MX_GPIO_Init)
    i.MX_TIM1_Init                           0x0800180c   Section        0  main.o(i.MX_TIM1_Init)
    MX_TIM1_Init                             0x0800180d   Thumb Code   194  main.o(i.MX_TIM1_Init)
    i.MemManage_Handler                      0x080018d8   Section        0  stm32f4xx_it.o(i.MemManage_Handler)
    i.NMI_Handler                            0x080018da   Section        0  stm32f4xx_it.o(i.NMI_Handler)
    i.PendSV_Handler                         0x080018dc   Section        0  stm32f4xx_it.o(i.PendSV_Handler)
    i.SVC_Handler                            0x080018de   Section        0  stm32f4xx_it.o(i.SVC_Handler)
    i.SysTick_Handler                        0x080018e0   Section        0  stm32f4xx_it.o(i.SysTick_Handler)
    i.SystemClock_Config                     0x080018e4   Section        0  main.o(i.SystemClock_Config)
    i.SystemInit                             0x08001978   Section        0  system_stm32f4xx.o(i.SystemInit)
    i.TIM_Base_SetConfig                     0x08001988   Section        0  stm32f4xx_hal_tim.o(i.TIM_Base_SetConfig)
    i.TIM_CCxChannelCmd                      0x08001a50   Section        0  stm32f4xx_hal_tim.o(i.TIM_CCxChannelCmd)
    i.TIM_ETR_SetConfig                      0x08001a6a   Section        0  stm32f4xx_hal_tim.o(i.TIM_ETR_SetConfig)
    i.TIM_ITRx_SetConfig                     0x08001a7e   Section        0  stm32f4xx_hal_tim.o(i.TIM_ITRx_SetConfig)
    TIM_ITRx_SetConfig                       0x08001a7f   Thumb Code    16  stm32f4xx_hal_tim.o(i.TIM_ITRx_SetConfig)
    i.TIM_OC1_SetConfig                      0x08001a90   Section        0  stm32f4xx_hal_tim.o(i.TIM_OC1_SetConfig)
    TIM_OC1_SetConfig                        0x08001a91   Thumb Code    88  stm32f4xx_hal_tim.o(i.TIM_OC1_SetConfig)
    i.TIM_OC2_SetConfig                      0x08001af0   Section        0  stm32f4xx_hal_tim.o(i.TIM_OC2_SetConfig)
    i.TIM_OC3_SetConfig                      0x08001b5c   Section        0  stm32f4xx_hal_tim.o(i.TIM_OC3_SetConfig)
    TIM_OC3_SetConfig                        0x08001b5d   Thumb Code    96  stm32f4xx_hal_tim.o(i.TIM_OC3_SetConfig)
    i.TIM_OC4_SetConfig                      0x08001bc4   Section        0  stm32f4xx_hal_tim.o(i.TIM_OC4_SetConfig)
    TIM_OC4_SetConfig                        0x08001bc5   Thumb Code    70  stm32f4xx_hal_tim.o(i.TIM_OC4_SetConfig)
    i.TIM_TI1_ConfigInputStage               0x08001c14   Section        0  stm32f4xx_hal_tim.o(i.TIM_TI1_ConfigInputStage)
    TIM_TI1_ConfigInputStage                 0x08001c15   Thumb Code    34  stm32f4xx_hal_tim.o(i.TIM_TI1_ConfigInputStage)
    i.TIM_TI2_ConfigInputStage               0x08001c36   Section        0  stm32f4xx_hal_tim.o(i.TIM_TI2_ConfigInputStage)
    TIM_TI2_ConfigInputStage                 0x08001c37   Thumb Code    36  stm32f4xx_hal_tim.o(i.TIM_TI2_ConfigInputStage)
    i.UART_SetConfig                         0x08001c5c   Section        0  stm32f4xx_hal_uart.o(i.UART_SetConfig)
    UART_SetConfig                           0x08001c5d   Thumb Code   258  stm32f4xx_hal_uart.o(i.UART_SetConfig)
    i.UART_WaitOnFlagUntilTimeout            0x08001d68   Section        0  stm32f4xx_hal_uart.o(i.UART_WaitOnFlagUntilTimeout)
    UART_WaitOnFlagUntilTimeout              0x08001d69   Thumb Code   120  stm32f4xx_hal_uart.o(i.UART_WaitOnFlagUntilTimeout)
    i.UsageFault_Handler                     0x08001de0   Section        0  stm32f4xx_it.o(i.UsageFault_Handler)
    i.__ARM_fpclassify                       0x08001de2   Section        0  fpclassify.o(i.__ARM_fpclassify)
    i.__NVIC_SetPriority                     0x08001e12   Section        0  stm32f4xx_hal_cortex.o(i.__NVIC_SetPriority)
    __NVIC_SetPriority                       0x08001e13   Thumb Code    32  stm32f4xx_hal_cortex.o(i.__NVIC_SetPriority)
    i.__hardfp_cos                           0x08001e38   Section        0  cos.o(i.__hardfp_cos)
    i.__hardfp_floor                         0x08001f00   Section        0  floor.o(i.__hardfp_floor)
    i.__hardfp_sin                           0x08002018   Section        0  sin.o(i.__hardfp_sin)
    i.__ieee754_rem_pio2                     0x080020e0   Section        0  rred.o(i.__ieee754_rem_pio2)
    i.__kernel_cos                           0x08002518   Section        0  cos_i.o(i.__kernel_cos)
    i.__kernel_poly                          0x08002688   Section        0  poly.o(i.__kernel_poly)
    i.__kernel_sin                           0x08002780   Section        0  sin_i.o(i.__kernel_sin)
    i.__mathlib_dbl_infnan                   0x080028b0   Section        0  dunder.o(i.__mathlib_dbl_infnan)
    i.__mathlib_dbl_invalid                  0x080028c8   Section        0  dunder.o(i.__mathlib_dbl_invalid)
    i.__mathlib_dbl_underflow                0x080028e8   Section        0  dunder.o(i.__mathlib_dbl_underflow)
    i.fabs                                   0x08002908   Section        0  fabs.o(i.fabs)
    i.lidar_check_node                       0x08002920   Section        0  rplidara1.o(i.lidar_check_node)
    i.lidar_get_point                        0x08002938   Section        0  rplidara1.o(i.lidar_get_point)
    i.lidar_read_node                        0x08002d34   Section        0  rplidara1.o(i.lidar_read_node)
    i.lidar_read_scan                        0x08002d54   Section        0  rplidara1.o(i.lidar_read_scan)
    i.lidar_setup                            0x08002d94   Section        0  rplidara1.o(i.lidar_setup)
    i.lidar_start_scan                       0x08002db4   Section        0  rplidara1.o(i.lidar_start_scan)
    i.main                                   0x08002de8   Section        0  main.o(i.main)
    x$fpl$basic                              0x0800307c   Section       24  basic.o(x$fpl$basic)
    $v0                                      0x0800307c   Number         0  basic.o(x$fpl$basic)
    x$fpl$d2f                                0x08003094   Section       98  d2f.o(x$fpl$d2f)
    $v0                                      0x08003094   Number         0  d2f.o(x$fpl$d2f)
    x$fpl$dadd                               0x080030f8   Section      336  daddsub_clz.o(x$fpl$dadd)
    $v0                                      0x080030f8   Number         0  daddsub_clz.o(x$fpl$dadd)
    _dadd1                                   0x08003109   Thumb Code     0  daddsub_clz.o(x$fpl$dadd)
    x$fpl$dcmpinf                            0x08003248   Section       24  dcmpi.o(x$fpl$dcmpinf)
    $v0                                      0x08003248   Number         0  dcmpi.o(x$fpl$dcmpinf)
    x$fpl$ddiv                               0x08003260   Section      688  ddiv.o(x$fpl$ddiv)
    $v0                                      0x08003260   Number         0  ddiv.o(x$fpl$ddiv)
    ddiv_entry                               0x08003267   Thumb Code     0  ddiv.o(x$fpl$ddiv)
    x$fpl$dfix                               0x08003510   Section       94  dfix.o(x$fpl$dfix)
    $v0                                      0x08003510   Number         0  dfix.o(x$fpl$dfix)
    x$fpl$dfixu                              0x08003570   Section       90  dfixu.o(x$fpl$dfixu)
    $v0                                      0x08003570   Number         0  dfixu.o(x$fpl$dfixu)
    x$fpl$dflt                               0x080035ca   Section       46  dflt_clz.o(x$fpl$dflt)
    $v0                                      0x080035ca   Number         0  dflt_clz.o(x$fpl$dflt)
    x$fpl$dfltu                              0x080035f8   Section       38  dflt_clz.o(x$fpl$dfltu)
    $v0                                      0x080035f8   Number         0  dflt_clz.o(x$fpl$dfltu)
    x$fpl$dleqf                              0x08003620   Section      120  dleqf.o(x$fpl$dleqf)
    $v0                                      0x08003620   Number         0  dleqf.o(x$fpl$dleqf)
    x$fpl$dmul                               0x08003698   Section      340  dmul.o(x$fpl$dmul)
    $v0                                      0x08003698   Number         0  dmul.o(x$fpl$dmul)
    x$fpl$dnaninf                            0x080037ec   Section      156  dnaninf.o(x$fpl$dnaninf)
    $v0                                      0x080037ec   Number         0  dnaninf.o(x$fpl$dnaninf)
    x$fpl$dretinf                            0x08003888   Section       12  dretinf.o(x$fpl$dretinf)
    $v0                                      0x08003888   Number         0  dretinf.o(x$fpl$dretinf)
    x$fpl$drleqf                             0x08003894   Section      108  drleqf.o(x$fpl$drleqf)
    $v0                                      0x08003894   Number         0  drleqf.o(x$fpl$drleqf)
    x$fpl$drsb                               0x08003900   Section       22  daddsub_clz.o(x$fpl$drsb)
    $v0                                      0x08003900   Number         0  daddsub_clz.o(x$fpl$drsb)
    x$fpl$dsub                               0x08003918   Section      468  daddsub_clz.o(x$fpl$dsub)
    $v0                                      0x08003918   Number         0  daddsub_clz.o(x$fpl$dsub)
    _dsub1                                   0x08003929   Thumb Code     0  daddsub_clz.o(x$fpl$dsub)
    x$fpl$f2d                                0x08003aec   Section       86  f2d.o(x$fpl$f2d)
    $v0                                      0x08003aec   Number         0  f2d.o(x$fpl$f2d)
    x$fpl$fnaninf                            0x08003b42   Section      140  fnaninf.o(x$fpl$fnaninf)
    $v0                                      0x08003b42   Number         0  fnaninf.o(x$fpl$fnaninf)
    x$fpl$fpinit                             0x08003bce   Section       10  fpinit.o(x$fpl$fpinit)
    $v0                                      0x08003bce   Number         0  fpinit.o(x$fpl$fpinit)
    x$fpl$fretinf                            0x08003bd8   Section       10  fretinf.o(x$fpl$fretinf)
    $v0                                      0x08003bd8   Number         0  fretinf.o(x$fpl$fretinf)
    .constdata                               0x08003be2   Section       16  system_stm32f4xx.o(.constdata)
    x$fpl$usenofp                            0x08003be2   Section        0  usenofp.o(x$fpl$usenofp)
    .constdata                               0x08003bf2   Section        8  system_stm32f4xx.o(.constdata)
    .constdata                               0x08003c00   Section       48  cos_i.o(.constdata)
    C                                        0x08003c00   Data          48  cos_i.o(.constdata)
    .constdata                               0x08003c30   Section      200  rred.o(.constdata)
    pio2s                                    0x08003c30   Data          48  rred.o(.constdata)
    twooverpi                                0x08003c60   Data         152  rred.o(.constdata)
    .constdata                               0x08003cf8   Section       40  sin_i.o(.constdata)
    S                                        0x08003cf8   Data          40  sin_i.o(.constdata)
    .data                                    0x20000000   Section        2  ma_ili9341.o(.data)
    rotationNum                              0x20000000   Data           1  ma_ili9341.o(.data)
    _cp437                                   0x20000001   Data           1  ma_ili9341.o(.data)
    .data                                    0x20000002   Section        1  main.o(.data)
    .data                                    0x20000004   Section        8  stm32f4xx_hal_msp.o(.data)
    FSMC_Initialized                         0x20000004   Data           4  stm32f4xx_hal_msp.o(.data)
    FSMC_DeInitialized                       0x20000008   Data           4  stm32f4xx_hal_msp.o(.data)
    .data                                    0x2000000c   Section       12  stm32f4xx_hal.o(.data)
    .data                                    0x20000018   Section        4  system_stm32f4xx.o(.data)
    .bss                                     0x2000001c   Section     1800  main.o(.bss)
    .bss                                     0x20000724   Section       96  libspace.o(.bss)
    HEAP                                     0x20000788   Section      512  startup_stm32f407xx.o(HEAP)
    Heap_Mem                                 0x20000788   Data         512  startup_stm32f407xx.o(HEAP)
    STACK                                    0x20000988   Section     1024  startup_stm32f407xx.o(STACK)
    Stack_Mem                                0x20000988   Data        1024  startup_stm32f407xx.o(STACK)
    __initial_sp                             0x20000d88   Data           0  startup_stm32f407xx.o(STACK)

    Global Symbols

    Symbol Name                              Value     Ov Type        Size  Object(Section)

    BuildAttributes$$THM_ISAv4$E$P$D$K$B$S$7EM$VFPi3$EXTD16$VFPS$VFMA$PE$A:L22UL41UL21$X:L11$S22US41US21$IEEE1$IW$USESV6$~STKCKD$USESV7$~SHL$OTIME$ROPI$IEEEX$EBA8$UX$STANDARDLIB$REQ8$PRES8$EABIv2 0x00000000   Number         0  anon$$obj.o ABSOLUTE
    __ARM_use_no_argv                        0x00000000   Number         0  main.o ABSOLUTE
    __ARM_exceptions_init                     - Undefined Weak Reference
    __alloca_initialize                       - Undefined Weak Reference
    __arm_fini_                               - Undefined Weak Reference
    __arm_preinit_                            - Undefined Weak Reference
    __cpp_initialize__aeabi_                  - Undefined Weak Reference
    __cxa_finalize                            - Undefined Weak Reference
    __rt_locale                               - Undefined Weak Reference
    __sigvec_lookup                           - Undefined Weak Reference
    _atexit_init                              - Undefined Weak Reference
    _call_atexit_fns                          - Undefined Weak Reference
    _clock_init                               - Undefined Weak Reference
    _fp_trap_init                             - Undefined Weak Reference
    _fp_trap_shutdown                         - Undefined Weak Reference
    _get_lc_collate                           - Undefined Weak Reference
    _get_lc_ctype                             - Undefined Weak Reference
    _get_lc_monetary                          - Undefined Weak Reference
    _get_lc_numeric                           - Undefined Weak Reference
    _get_lc_time                              - Undefined Weak Reference
    _getenv_init                              - Undefined Weak Reference
    _handle_redirection                       - Undefined Weak Reference
    _init_alloc                               - Undefined Weak Reference
    _init_user_alloc                          - Undefined Weak Reference
    _initio                                   - Undefined Weak Reference
    _rand_init                                - Undefined Weak Reference
    _signal_finish                            - Undefined Weak Reference
    _signal_init                              - Undefined Weak Reference
    _terminate_alloc                          - Undefined Weak Reference
    _terminate_user_alloc                     - Undefined Weak Reference
    _terminateio                              - Undefined Weak Reference
    __Vectors_Size                           0x00000188   Number         0  startup_stm32f407xx.o ABSOLUTE
    __Vectors                                0x08000000   Data           4  startup_stm32f407xx.o(RESET)
    __Vectors_End                            0x08000188   Data           0  startup_stm32f407xx.o(RESET)
    __main                                   0x08000189   Thumb Code     8  __main.o(!!!main)
    __scatterload                            0x08000191   Thumb Code     0  __scatter.o(!!!scatter)
    __scatterload_rt2                        0x08000191   Thumb Code    44  __scatter.o(!!!scatter)
    __scatterload_rt2_thumb_only             0x08000191   Thumb Code     0  __scatter.o(!!!scatter)
    __scatterload_null                       0x0800019f   Thumb Code     0  __scatter.o(!!!scatter)
    __scatterload_copy                       0x080001c5   Thumb Code    26  __scatter_copy.o(!!handler_copy)
    __scatterload_zeroinit                   0x080001e1   Thumb Code    28  __scatter_zi.o(!!handler_zi)
    __rt_lib_init                            0x080001fd   Thumb Code     0  libinit.o(.ARM.Collect$$libinit$$00000000)
    __rt_lib_init_fp_1                       0x080001ff   Thumb Code     0  libinit2.o(.ARM.Collect$$libinit$$00000001)
    __rt_lib_init_alloca_1                   0x08000203   Thumb Code     0  libinit2.o(.ARM.Collect$$libinit$$0000002E)
    __rt_lib_init_argv_1                     0x08000203   Thumb Code     0  libinit2.o(.ARM.Collect$$libinit$$0000002C)
    __rt_lib_init_atexit_1                   0x08000203   Thumb Code     0  libinit2.o(.ARM.Collect$$libinit$$0000001B)
    __rt_lib_init_clock_1                    0x08000203   Thumb Code     0  libinit2.o(.ARM.Collect$$libinit$$00000021)
    __rt_lib_init_cpp_1                      0x08000203   Thumb Code     0  libinit2.o(.ARM.Collect$$libinit$$00000032)
    __rt_lib_init_exceptions_1               0x08000203   Thumb Code     0  libinit2.o(.ARM.Collect$$libinit$$00000030)
    __rt_lib_init_fp_trap_1                  0x08000203   Thumb Code     0  libinit2.o(.ARM.Collect$$libinit$$0000001F)
    __rt_lib_init_getenv_1                   0x08000203   Thumb Code     0  libinit2.o(.ARM.Collect$$libinit$$00000023)
    __rt_lib_init_heap_1                     0x08000203   Thumb Code     0  libinit2.o(.ARM.Collect$$libinit$$0000000A)
    __rt_lib_init_lc_collate_1               0x08000203   Thumb Code     0  libinit2.o(.ARM.Collect$$libinit$$00000011)
    __rt_lib_init_lc_ctype_1                 0x08000203   Thumb Code     0  libinit2.o(.ARM.Collect$$libinit$$00000013)
    __rt_lib_init_lc_monetary_1              0x08000203   Thumb Code     0  libinit2.o(.ARM.Collect$$libinit$$00000015)
    __rt_lib_init_lc_numeric_1               0x08000203   Thumb Code     0  libinit2.o(.ARM.Collect$$libinit$$00000017)
    __rt_lib_init_lc_time_1                  0x08000203   Thumb Code     0  libinit2.o(.ARM.Collect$$libinit$$00000019)
    __rt_lib_init_preinit_1                  0x08000203   Thumb Code     0  libinit2.o(.ARM.Collect$$libinit$$00000004)
    __rt_lib_init_rand_1                     0x08000203   Thumb Code     0  libinit2.o(.ARM.Collect$$libinit$$0000000E)
    __rt_lib_init_return                     0x08000203   Thumb Code     0  libinit2.o(.ARM.Collect$$libinit$$00000033)
    __rt_lib_init_signal_1                   0x08000203   Thumb Code     0  libinit2.o(.ARM.Collect$$libinit$$0000001D)
    __rt_lib_init_stdio_1                    0x08000203   Thumb Code     0  libinit2.o(.ARM.Collect$$libinit$$00000025)
    __rt_lib_init_user_alloc_1               0x08000203   Thumb Code     0  libinit2.o(.ARM.Collect$$libinit$$0000000C)
    __rt_lib_shutdown                        0x08000205   Thumb Code     0  libshutdown.o(.ARM.Collect$$libshutdown$$00000000)
    __rt_lib_shutdown_cpp_1                  0x08000207   Thumb Code     0  libshutdown2.o(.ARM.Collect$$libshutdown$$00000004)
    __rt_lib_shutdown_fini_1                 0x08000207   Thumb Code     0  libshutdown2.o(.ARM.Collect$$libshutdown$$00000002)
    __rt_lib_shutdown_fp_trap_1              0x08000207   Thumb Code     0  libshutdown2.o(.ARM.Collect$$libshutdown$$00000009)
    __rt_lib_shutdown_heap_1                 0x08000207   Thumb Code     0  libshutdown2.o(.ARM.Collect$$libshutdown$$00000011)
    __rt_lib_shutdown_return                 0x08000207   Thumb Code     0  libshutdown2.o(.ARM.Collect$$libshutdown$$00000012)
    __rt_lib_shutdown_signal_1               0x08000207   Thumb Code     0  libshutdown2.o(.ARM.Collect$$libshutdown$$0000000C)
    __rt_lib_shutdown_stdio_1                0x08000207   Thumb Code     0  libshutdown2.o(.ARM.Collect$$libshutdown$$00000006)
    __rt_lib_shutdown_user_alloc_1           0x08000207   Thumb Code     0  libshutdown2.o(.ARM.Collect$$libshutdown$$0000000E)
    __rt_entry                               0x08000209   Thumb Code     0  __rtentry.o(.ARM.Collect$$rtentry$$00000000)
    __rt_entry_presh_1                       0x08000209   Thumb Code     0  __rtentry2.o(.ARM.Collect$$rtentry$$00000002)
    __rt_entry_sh                            0x08000209   Thumb Code     0  __rtentry4.o(.ARM.Collect$$rtentry$$00000004)
    __rt_entry_li                            0x0800020f   Thumb Code     0  __rtentry2.o(.ARM.Collect$$rtentry$$0000000A)
    __rt_entry_postsh_1                      0x0800020f   Thumb Code     0  __rtentry2.o(.ARM.Collect$$rtentry$$00000009)
    __rt_entry_main                          0x08000213   Thumb Code     0  __rtentry2.o(.ARM.Collect$$rtentry$$0000000D)
    __rt_entry_postli_1                      0x08000213   Thumb Code     0  __rtentry2.o(.ARM.Collect$$rtentry$$0000000C)
    __rt_exit                                0x0800021b   Thumb Code     0  rtexit.o(.ARM.Collect$$rtexit$$00000000)
    __rt_exit_ls                             0x0800021d   Thumb Code     0  rtexit2.o(.ARM.Collect$$rtexit$$00000003)
    __rt_exit_prels_1                        0x0800021d   Thumb Code     0  rtexit2.o(.ARM.Collect$$rtexit$$00000002)
    __rt_exit_exit                           0x08000221   Thumb Code     0  rtexit2.o(.ARM.Collect$$rtexit$$00000004)
    Reset_Handler                            0x08000229   Thumb Code     8  startup_stm32f407xx.o(.text)
    ADC_IRQHandler                           0x08000243   Thumb Code     0  startup_stm32f407xx.o(.text)
    CAN1_RX0_IRQHandler                      0x08000243   Thumb Code     0  startup_stm32f407xx.o(.text)
    CAN1_RX1_IRQHandler                      0x08000243   Thumb Code     0  startup_stm32f407xx.o(.text)
    CAN1_SCE_IRQHandler                      0x08000243   Thumb Code     0  startup_stm32f407xx.o(.text)
    CAN1_TX_IRQHandler                       0x08000243   Thumb Code     0  startup_stm32f407xx.o(.text)
    CAN2_RX0_IRQHandler                      0x08000243   Thumb Code     0  startup_stm32f407xx.o(.text)
    CAN2_RX1_IRQHandler                      0x08000243   Thumb Code     0  startup_stm32f407xx.o(.text)
    CAN2_SCE_IRQHandler                      0x08000243   Thumb Code     0  startup_stm32f407xx.o(.text)
    CAN2_TX_IRQHandler                       0x08000243   Thumb Code     0  startup_stm32f407xx.o(.text)
    DCMI_IRQHandler                          0x08000243   Thumb Code     0  startup_stm32f407xx.o(.text)
    DMA1_Stream0_IRQHandler                  0x08000243   Thumb Code     0  startup_stm32f407xx.o(.text)
    DMA1_Stream1_IRQHandler                  0x08000243   Thumb Code     0  startup_stm32f407xx.o(.text)
    DMA1_Stream2_IRQHandler                  0x08000243   Thumb Code     0  startup_stm32f407xx.o(.text)
    DMA1_Stream3_IRQHandler                  0x08000243   Thumb Code     0  startup_stm32f407xx.o(.text)
    DMA1_Stream4_IRQHandler                  0x08000243   Thumb Code     0  startup_stm32f407xx.o(.text)
    DMA1_Stream5_IRQHandler                  0x08000243   Thumb Code     0  startup_stm32f407xx.o(.text)
    DMA1_Stream6_IRQHandler                  0x08000243   Thumb Code     0  startup_stm32f407xx.o(.text)
    DMA1_Stream7_IRQHandler                  0x08000243   Thumb Code     0  startup_stm32f407xx.o(.text)
    DMA2_Stream0_IRQHandler                  0x08000243   Thumb Code     0  startup_stm32f407xx.o(.text)
    DMA2_Stream1_IRQHandler                  0x08000243   Thumb Code     0  startup_stm32f407xx.o(.text)
    DMA2_Stream2_IRQHandler                  0x08000243   Thumb Code     0  startup_stm32f407xx.o(.text)
    DMA2_Stream3_IRQHandler                  0x08000243   Thumb Code     0  startup_stm32f407xx.o(.text)
    DMA2_Stream4_IRQHandler                  0x08000243   Thumb Code     0  startup_stm32f407xx.o(.text)
    DMA2_Stream5_IRQHandler                  0x08000243   Thumb Code     0  startup_stm32f407xx.o(.text)
    DMA2_Stream6_IRQHandler                  0x08000243   Thumb Code     0  startup_stm32f407xx.o(.text)
    DMA2_Stream7_IRQHandler                  0x08000243   Thumb Code     0  startup_stm32f407xx.o(.text)
    ETH_IRQHandler                           0x08000243   Thumb Code     0  startup_stm32f407xx.o(.text)
    ETH_WKUP_IRQHandler                      0x08000243   Thumb Code     0  startup_stm32f407xx.o(.text)
    EXTI0_IRQHandler                         0x08000243   Thumb Code     0  startup_stm32f407xx.o(.text)
    EXTI15_10_IRQHandler                     0x08000243   Thumb Code     0  startup_stm32f407xx.o(.text)
    EXTI1_IRQHandler                         0x08000243   Thumb Code     0  startup_stm32f407xx.o(.text)
    EXTI2_IRQHandler                         0x08000243   Thumb Code     0  startup_stm32f407xx.o(.text)
    EXTI3_IRQHandler                         0x08000243   Thumb Code     0  startup_stm32f407xx.o(.text)
    EXTI4_IRQHandler                         0x08000243   Thumb Code     0  startup_stm32f407xx.o(.text)
    EXTI9_5_IRQHandler                       0x08000243   Thumb Code     0  startup_stm32f407xx.o(.text)
    FLASH_IRQHandler                         0x08000243   Thumb Code     0  startup_stm32f407xx.o(.text)
    FMC_IRQHandler                           0x08000243   Thumb Code     0  startup_stm32f407xx.o(.text)
    FPU_IRQHandler                           0x08000243   Thumb Code     0  startup_stm32f407xx.o(.text)
    HASH_RNG_IRQHandler                      0x08000243   Thumb Code     0  startup_stm32f407xx.o(.text)
    I2C1_ER_IRQHandler                       0x08000243   Thumb Code     0  startup_stm32f407xx.o(.text)
    I2C1_EV_IRQHandler                       0x08000243   Thumb Code     0  startup_stm32f407xx.o(.text)
    I2C2_ER_IRQHandler                       0x08000243   Thumb Code     0  startup_stm32f407xx.o(.text)
    I2C2_EV_IRQHandler                       0x08000243   Thumb Code     0  startup_stm32f407xx.o(.text)
    I2C3_ER_IRQHandler                       0x08000243   Thumb Code     0  startup_stm32f407xx.o(.text)
    I2C3_EV_IRQHandler                       0x08000243   Thumb Code     0  startup_stm32f407xx.o(.text)
    OTG_FS_IRQHandler                        0x08000243   Thumb Code     0  startup_stm32f407xx.o(.text)
    OTG_FS_WKUP_IRQHandler                   0x08000243   Thumb Code     0  startup_stm32f407xx.o(.text)
    OTG_HS_EP1_IN_IRQHandler                 0x08000243   Thumb Code     0  startup_stm32f407xx.o(.text)
    OTG_HS_EP1_OUT_IRQHandler                0x08000243   Thumb Code     0  startup_stm32f407xx.o(.text)
    OTG_HS_IRQHandler                        0x08000243   Thumb Code     0  startup_stm32f407xx.o(.text)
    OTG_HS_WKUP_IRQHandler                   0x08000243   Thumb Code     0  startup_stm32f407xx.o(.text)
    PVD_IRQHandler                           0x08000243   Thumb Code     0  startup_stm32f407xx.o(.text)
    RCC_IRQHandler                           0x08000243   Thumb Code     0  startup_stm32f407xx.o(.text)
    RTC_Alarm_IRQHandler                     0x08000243   Thumb Code     0  startup_stm32f407xx.o(.text)
    RTC_WKUP_IRQHandler                      0x08000243   Thumb Code     0  startup_stm32f407xx.o(.text)
    SDIO_IRQHandler                          0x08000243   Thumb Code     0  startup_stm32f407xx.o(.text)
    SPI1_IRQHandler                          0x08000243   Thumb Code     0  startup_stm32f407xx.o(.text)
    SPI2_IRQHandler                          0x08000243   Thumb Code     0  startup_stm32f407xx.o(.text)
    SPI3_IRQHandler                          0x08000243   Thumb Code     0  startup_stm32f407xx.o(.text)
    TAMP_STAMP_IRQHandler                    0x08000243   Thumb Code     0  startup_stm32f407xx.o(.text)
    TIM1_BRK_TIM9_IRQHandler                 0x08000243   Thumb Code     0  startup_stm32f407xx.o(.text)
    TIM1_CC_IRQHandler                       0x08000243   Thumb Code     0  startup_stm32f407xx.o(.text)
    TIM1_TRG_COM_TIM11_IRQHandler            0x08000243   Thumb Code     0  startup_stm32f407xx.o(.text)
    TIM1_UP_TIM10_IRQHandler                 0x08000243   Thumb Code     0  startup_stm32f407xx.o(.text)
    TIM2_IRQHandler                          0x08000243   Thumb Code     0  startup_stm32f407xx.o(.text)
    TIM3_IRQHandler                          0x08000243   Thumb Code     0  startup_stm32f407xx.o(.text)
    TIM4_IRQHandler                          0x08000243   Thumb Code     0  startup_stm32f407xx.o(.text)
    TIM5_IRQHandler                          0x08000243   Thumb Code     0  startup_stm32f407xx.o(.text)
    TIM6_DAC_IRQHandler                      0x08000243   Thumb Code     0  startup_stm32f407xx.o(.text)
    TIM7_IRQHandler                          0x08000243   Thumb Code     0  startup_stm32f407xx.o(.text)
    TIM8_BRK_TIM12_IRQHandler                0x08000243   Thumb Code     0  startup_stm32f407xx.o(.text)
    TIM8_CC_IRQHandler                       0x08000243   Thumb Code     0  startup_stm32f407xx.o(.text)
    TIM8_TRG_COM_TIM14_IRQHandler            0x08000243   Thumb Code     0  startup_stm32f407xx.o(.text)
    TIM8_UP_TIM13_IRQHandler                 0x08000243   Thumb Code     0  startup_stm32f407xx.o(.text)
    UART4_IRQHandler                         0x08000243   Thumb Code     0  startup_stm32f407xx.o(.text)
    UART5_IRQHandler                         0x08000243   Thumb Code     0  startup_stm32f407xx.o(.text)
    USART1_IRQHandler                        0x08000243   Thumb Code     0  startup_stm32f407xx.o(.text)
    USART2_IRQHandler                        0x08000243   Thumb Code     0  startup_stm32f407xx.o(.text)
    USART3_IRQHandler                        0x08000243   Thumb Code     0  startup_stm32f407xx.o(.text)
    USART6_IRQHandler                        0x08000243   Thumb Code     0  startup_stm32f407xx.o(.text)
    WWDG_IRQHandler                          0x08000243   Thumb Code     0  startup_stm32f407xx.o(.text)
    __user_initial_stackheap                 0x08000245   Thumb Code     0  startup_stm32f407xx.o(.text)
    __aeabi_uldivmod                         0x08000269   Thumb Code     0  lludivv7m.o(.text)
    _ll_udiv                                 0x08000269   Thumb Code   238  lludivv7m.o(.text)
    __aeabi_memclr4                          0x08000357   Thumb Code     0  rt_memclr_w.o(.text)
    __aeabi_memclr8                          0x08000357   Thumb Code     0  rt_memclr_w.o(.text)
    __rt_memclr_w                            0x08000357   Thumb Code    78  rt_memclr_w.o(.text)
    _memset_w                                0x0800035b   Thumb Code     0  rt_memclr_w.o(.text)
    __use_two_region_memory                  0x080003a5   Thumb Code     2  heapauxi.o(.text)
    __rt_heap_escrow$2region                 0x080003a7   Thumb Code     2  heapauxi.o(.text)
    __rt_heap_expand$2region                 0x080003a9   Thumb Code     2  heapauxi.o(.text)
    __read_errno                             0x080003ab   Thumb Code    10  _rserrno.o(.text)
    __set_errno                              0x080003b5   Thumb Code    12  _rserrno.o(.text)
    __aeabi_errno_addr                       0x080003c1   Thumb Code     8  rt_errno_addr_intlibspace.o(.text)
    __errno$intlibspace                      0x080003c1   Thumb Code     0  rt_errno_addr_intlibspace.o(.text)
    __rt_errno_addr$intlibspace              0x080003c1   Thumb Code     0  rt_errno_addr_intlibspace.o(.text)
    __user_libspace                          0x080003c9   Thumb Code     8  libspace.o(.text)
    __user_perproc_libspace                  0x080003c9   Thumb Code     0  libspace.o(.text)
    __user_perthread_libspace                0x080003c9   Thumb Code     0  libspace.o(.text)
    __user_setup_stackheap                   0x080003d1   Thumb Code    74  sys_stackheap_outer.o(.text)
    exit                                     0x0800041b   Thumb Code    18  exit.o(.text)
    _sys_exit                                0x0800042d   Thumb Code     8  sys_exit.o(.text)
    __I$use$semihosting                      0x08000439   Thumb Code     0  use_no_semi.o(.text)
    __use_no_semihosting_swi                 0x08000439   Thumb Code     2  use_no_semi.o(.text)
    BusFault_Handler                         0x0800043b   Thumb Code     2  stm32f4xx_it.o(i.BusFault_Handler)
    __semihosting_library_function           0x0800043b   Thumb Code     0  indicate_semi.o(.text)
    DebugMon_Handler                         0x0800043d   Thumb Code     2  stm32f4xx_it.o(i.DebugMon_Handler)
    FSMC_NORSRAM_Extended_Timing_Init        0x08000441   Thumb Code    56  stm32f4xx_ll_fsmc.o(i.FSMC_NORSRAM_Extended_Timing_Init)
    FSMC_NORSRAM_Init                        0x0800047d   Thumb Code    98  stm32f4xx_ll_fsmc.o(i.FSMC_NORSRAM_Init)
    FSMC_NORSRAM_Timing_Init                 0x080004e5   Thumb Code    64  stm32f4xx_ll_fsmc.o(i.FSMC_NORSRAM_Timing_Init)
    HAL_Delay                                0x08000529   Thumb Code    32  stm32f4xx_hal.o(i.HAL_Delay)
    HAL_GPIO_Init                            0x080005c1   Thumb Code   450  stm32f4xx_hal_gpio.o(i.HAL_GPIO_Init)
    HAL_GPIO_WritePin                        0x080007b1   Thumb Code    10  stm32f4xx_hal_gpio.o(i.HAL_GPIO_WritePin)
    HAL_GetTick                              0x080007bd   Thumb Code     6  stm32f4xx_hal.o(i.HAL_GetTick)
    HAL_IncTick                              0x080007c9   Thumb Code    12  stm32f4xx_hal.o(i.HAL_IncTick)
    HAL_Init                                 0x080007d9   Thumb Code    48  stm32f4xx_hal.o(i.HAL_Init)
    HAL_InitTick                             0x0800080d   Thumb Code    54  stm32f4xx_hal.o(i.HAL_InitTick)
    HAL_MspInit                              0x0800084d   Thumb Code    42  stm32f4xx_hal_msp.o(i.HAL_MspInit)
    HAL_NVIC_SetPriority                     0x0800087d   Thumb Code    60  stm32f4xx_hal_cortex.o(i.HAL_NVIC_SetPriority)
    HAL_NVIC_SetPriorityGrouping             0x080008bd   Thumb Code    26  stm32f4xx_hal_cortex.o(i.HAL_NVIC_SetPriorityGrouping)
    HAL_RCC_ClockConfig                      0x080008e1   Thumb Code   288  stm32f4xx_hal_rcc.o(i.HAL_RCC_ClockConfig)
    HAL_RCC_GetPCLK1Freq                     0x08000a15   Thumb Code    20  stm32f4xx_hal_rcc.o(i.HAL_RCC_GetPCLK1Freq)
    HAL_RCC_GetPCLK2Freq                     0x08000a35   Thumb Code    20  stm32f4xx_hal_rcc.o(i.HAL_RCC_GetPCLK2Freq)
    HAL_RCC_GetSysClockFreq                  0x08000a55   Thumb Code    88  stm32f4xx_hal_rcc.o(i.HAL_RCC_GetSysClockFreq)
    HAL_RCC_OscConfig                        0x08000ab9   Thumb Code   856  stm32f4xx_hal_rcc.o(i.HAL_RCC_OscConfig)
    HAL_SRAM_Init                            0x08000e25   Thumb Code    92  stm32f4xx_hal_sram.o(i.HAL_SRAM_Init)
    HAL_SRAM_MspInit                         0x08000e81   Thumb Code     4  stm32f4xx_hal_msp.o(i.HAL_SRAM_MspInit)
    HAL_SYSTICK_Config                       0x08000e85   Thumb Code    40  stm32f4xx_hal_cortex.o(i.HAL_SYSTICK_Config)
    HAL_TIMEx_ConfigBreakDeadTime            0x08000ead   Thumb Code    84  stm32f4xx_hal_tim_ex.o(i.HAL_TIMEx_ConfigBreakDeadTime)
    HAL_TIMEx_MasterConfigSynchronization    0x08000f01   Thumb Code   116  stm32f4xx_hal_tim_ex.o(i.HAL_TIMEx_MasterConfigSynchronization)
    HAL_TIM_Base_Init                        0x08000f91   Thumb Code    90  stm32f4xx_hal_tim.o(i.HAL_TIM_Base_Init)
    HAL_TIM_Base_MspInit                     0x08000fed   Thumb Code    30  stm32f4xx_hal_msp.o(i.HAL_TIM_Base_MspInit)
    HAL_TIM_ConfigClockSource                0x08001015   Thumb Code   220  stm32f4xx_hal_tim.o(i.HAL_TIM_ConfigClockSource)
    HAL_TIM_MspPostInit                      0x080010f1   Thumb Code    72  stm32f4xx_hal_msp.o(i.HAL_TIM_MspPostInit)
    HAL_TIM_PWM_ConfigChannel                0x08001145   Thumb Code   204  stm32f4xx_hal_tim.o(i.HAL_TIM_PWM_ConfigChannel)
    HAL_TIM_PWM_Init                         0x08001211   Thumb Code    90  stm32f4xx_hal_tim.o(i.HAL_TIM_PWM_Init)
    HAL_TIM_PWM_MspInit                      0x0800126b   Thumb Code     2  stm32f4xx_hal_tim.o(i.HAL_TIM_PWM_MspInit)
    HAL_TIM_PWM_Start                        0x0800126d   Thumb Code   172  stm32f4xx_hal_tim.o(i.HAL_TIM_PWM_Start)
    HAL_UART_Init                            0x08001335   Thumb Code    98  stm32f4xx_hal_uart.o(i.HAL_UART_Init)
    HAL_UART_MspInit                         0x08001399   Thumb Code    92  stm32f4xx_hal_msp.o(i.HAL_UART_MspInit)
    HAL_UART_Receive                         0x08001401   Thumb Code   192  stm32f4xx_hal_uart.o(i.HAL_UART_Receive)
    HAL_UART_Transmit                        0x080014c1   Thumb Code   178  stm32f4xx_hal_uart.o(i.HAL_UART_Transmit)
    HardFault_Handler                        0x08001573   Thumb Code     2  stm32f4xx_it.o(i.HardFault_Handler)
    ILI9341_DrawPixel                        0x08001575   Thumb Code    22  ma_ili9341.o(i.ILI9341_DrawPixel)
    ILI9341_Fill                             0x08001591   Thumb Code    64  ma_ili9341.o(i.ILI9341_Fill)
    ILI9341_Init                             0x080015d9   Thumb Code   186  ma_ili9341.o(i.ILI9341_Init)
    ILI9341_SetCursorPosition                0x08001699   Thumb Code    46  ma_ili9341.o(i.ILI9341_SetCursorPosition)
    ILI9341_setRotation                      0x080016cd   Thumb Code    76  ma_ili9341.o(i.ILI9341_setRotation)
    MemManage_Handler                        0x080018d9   Thumb Code     2  stm32f4xx_it.o(i.MemManage_Handler)
    NMI_Handler                              0x080018db   Thumb Code     2  stm32f4xx_it.o(i.NMI_Handler)
    PendSV_Handler                           0x080018dd   Thumb Code     2  stm32f4xx_it.o(i.PendSV_Handler)
    SVC_Handler                              0x080018df   Thumb Code     2  stm32f4xx_it.o(i.SVC_Handler)
    SysTick_Handler                          0x080018e1   Thumb Code     4  stm32f4xx_it.o(i.SysTick_Handler)
    SystemClock_Config                       0x080018e5   Thumb Code   140  main.o(i.SystemClock_Config)
    SystemInit                               0x08001979   Thumb Code    12  system_stm32f4xx.o(i.SystemInit)
    TIM_Base_SetConfig                       0x08001989   Thumb Code   156  stm32f4xx_hal_tim.o(i.TIM_Base_SetConfig)
    TIM_CCxChannelCmd                        0x08001a51   Thumb Code    26  stm32f4xx_hal_tim.o(i.TIM_CCxChannelCmd)
    TIM_ETR_SetConfig                        0x08001a6b   Thumb Code    20  stm32f4xx_hal_tim.o(i.TIM_ETR_SetConfig)
    TIM_OC2_SetConfig                        0x08001af1   Thumb Code    98  stm32f4xx_hal_tim.o(i.TIM_OC2_SetConfig)
    UsageFault_Handler                       0x08001de1   Thumb Code     2  stm32f4xx_it.o(i.UsageFault_Handler)
    __ARM_fpclassify                         0x08001de3   Thumb Code    48  fpclassify.o(i.__ARM_fpclassify)
    __hardfp_cos                             0x08001e39   Thumb Code   180  cos.o(i.__hardfp_cos)
    __hardfp_floor                           0x08001f01   Thumb Code   252  floor.o(i.__hardfp_floor)
    __hardfp_sin                             0x08002019   Thumb Code   180  sin.o(i.__hardfp_sin)
    __ieee754_rem_pio2                       0x080020e1   Thumb Code   938  rred.o(i.__ieee754_rem_pio2)
    __kernel_cos                             0x08002519   Thumb Code   322  cos_i.o(i.__kernel_cos)
    __kernel_poly                            0x08002689   Thumb Code   248  poly.o(i.__kernel_poly)
    __kernel_sin                             0x08002781   Thumb Code   280  sin_i.o(i.__kernel_sin)
    __mathlib_dbl_infnan                     0x080028b1   Thumb Code    20  dunder.o(i.__mathlib_dbl_infnan)
    __mathlib_dbl_invalid                    0x080028c9   Thumb Code    24  dunder.o(i.__mathlib_dbl_invalid)
    __mathlib_dbl_underflow                  0x080028e9   Thumb Code    24  dunder.o(i.__mathlib_dbl_underflow)
    fabs                                     0x08002909   Thumb Code    24  fabs.o(i.fabs)
    lidar_check_node                         0x08002921   Thumb Code    22  rplidara1.o(i.lidar_check_node)
    lidar_get_point                          0x08002939   Thumb Code   946  rplidara1.o(i.lidar_get_point)
    lidar_read_node                          0x08002d35   Thumb Code    32  rplidara1.o(i.lidar_read_node)
    lidar_read_scan                          0x08002d55   Thumb Code    64  rplidara1.o(i.lidar_read_scan)
    lidar_setup                              0x08002d95   Thumb Code    28  rplidara1.o(i.lidar_setup)
    lidar_start_scan                         0x08002db5   Thumb Code    48  rplidara1.o(i.lidar_start_scan)
    main                                     0x08002de9   Thumb Code   604  main.o(i.main)
    __aeabi_dneg                             0x0800307d   Thumb Code     0  basic.o(x$fpl$basic)
    _dneg                                    0x0800307d   Thumb Code     6  basic.o(x$fpl$basic)
    __aeabi_fneg                             0x08003083   Thumb Code     0  basic.o(x$fpl$basic)
    _fneg                                    0x08003083   Thumb Code     6  basic.o(x$fpl$basic)
    _dabs                                    0x08003089   Thumb Code     6  basic.o(x$fpl$basic)
    _fabs                                    0x0800308f   Thumb Code     6  basic.o(x$fpl$basic)
    __aeabi_d2f                              0x08003095   Thumb Code     0  d2f.o(x$fpl$d2f)
    _d2f                                     0x08003095   Thumb Code    98  d2f.o(x$fpl$d2f)
    __aeabi_dadd                             0x080030f9   Thumb Code     0  daddsub_clz.o(x$fpl$dadd)
    _dadd                                    0x080030f9   Thumb Code   332  daddsub_clz.o(x$fpl$dadd)
    __fpl_dcmp_Inf                           0x08003249   Thumb Code    24  dcmpi.o(x$fpl$dcmpinf)
    __aeabi_ddiv                             0x08003261   Thumb Code     0  ddiv.o(x$fpl$ddiv)
    _ddiv                                    0x08003261   Thumb Code   552  ddiv.o(x$fpl$ddiv)
    __aeabi_d2iz                             0x08003511   Thumb Code     0  dfix.o(x$fpl$dfix)
    _dfix                                    0x08003511   Thumb Code    94  dfix.o(x$fpl$dfix)
    __aeabi_d2uiz                            0x08003571   Thumb Code     0  dfixu.o(x$fpl$dfixu)
    _dfixu                                   0x08003571   Thumb Code    90  dfixu.o(x$fpl$dfixu)
    __aeabi_i2d                              0x080035cb   Thumb Code     0  dflt_clz.o(x$fpl$dflt)
    _dflt                                    0x080035cb   Thumb Code    46  dflt_clz.o(x$fpl$dflt)
    __aeabi_ui2d                             0x080035f9   Thumb Code     0  dflt_clz.o(x$fpl$dfltu)
    _dfltu                                   0x080035f9   Thumb Code    38  dflt_clz.o(x$fpl$dfltu)
    __aeabi_cdcmple                          0x08003621   Thumb Code     0  dleqf.o(x$fpl$dleqf)
    _dcmple                                  0x08003621   Thumb Code   120  dleqf.o(x$fpl$dleqf)
    __fpl_dcmple_InfNaN                      0x08003683   Thumb Code     0  dleqf.o(x$fpl$dleqf)
    __aeabi_dmul                             0x08003699   Thumb Code     0  dmul.o(x$fpl$dmul)
    _dmul                                    0x08003699   Thumb Code   332  dmul.o(x$fpl$dmul)
    __fpl_dnaninf                            0x080037ed   Thumb Code   156  dnaninf.o(x$fpl$dnaninf)
    __fpl_dretinf                            0x08003889   Thumb Code    12  dretinf.o(x$fpl$dretinf)
    __aeabi_cdrcmple                         0x08003895   Thumb Code     0  drleqf.o(x$fpl$drleqf)
    _drcmple                                 0x08003895   Thumb Code   108  drleqf.o(x$fpl$drleqf)
    __aeabi_drsub                            0x08003901   Thumb Code     0  daddsub_clz.o(x$fpl$drsb)
    _drsb                                    0x08003901   Thumb Code    22  daddsub_clz.o(x$fpl$drsb)
    __aeabi_dsub                             0x08003919   Thumb Code     0  daddsub_clz.o(x$fpl$dsub)
    _dsub                                    0x08003919   Thumb Code   464  daddsub_clz.o(x$fpl$dsub)
    __aeabi_f2d                              0x08003aed   Thumb Code     0  f2d.o(x$fpl$f2d)
    _f2d                                     0x08003aed   Thumb Code    86  f2d.o(x$fpl$f2d)
    __fpl_fnaninf                            0x08003b43   Thumb Code   140  fnaninf.o(x$fpl$fnaninf)
    _fp_init                                 0x08003bcf   Thumb Code    10  fpinit.o(x$fpl$fpinit)
    __fplib_config_fpu_vfp                   0x08003bd7   Thumb Code     0  fpinit.o(x$fpl$fpinit)
    __fplib_config_pureend_doubles           0x08003bd7   Thumb Code     0  fpinit.o(x$fpl$fpinit)
    __fpl_fretinf                            0x08003bd9   Thumb Code    10  fretinf.o(x$fpl$fretinf)
    AHBPrescTable                            0x08003be2   Data          16  system_stm32f4xx.o(.constdata)
    __I$use$fp                               0x08003be2   Number         0  usenofp.o(x$fpl$usenofp)
    APBPrescTable                            0x08003bf2   Data           8  system_stm32f4xx.o(.constdata)
    Region$$Table$$Base                      0x08003d20   Number         0  anon$$obj.o(Region$$Table)
    Region$$Table$$Limit                     0x08003d40   Number         0  anon$$obj.o(Region$$Table)
    status                                   0x20000002   Data           1  main.o(.data)
    uwTickFreq                               0x2000000c   Data           1  stm32f4xx_hal.o(.data)
    uwTickPrio                               0x20000010   Data           4  stm32f4xx_hal.o(.data)
    uwTick                                   0x20000014   Data           4  stm32f4xx_hal.o(.data)
    SystemCoreClock                          0x20000018   Data           4  system_stm32f4xx.o(.data)
    htim1                                    0x2000001c   Data          72  main.o(.bss)
    huart2                                   0x20000064   Data          68  main.o(.bss)
    hsram1                                   0x200000a8   Data          80  main.o(.bss)
    lidar                                    0x200000f8   Data        1580  main.o(.bss)
    __libspace_start                         0x20000724   Data          96  libspace.o(.bss)
    __temporary_stack_top$libspace           0x20000784   Data           0  libspace.o(.bss)



==============================================================================

Memory Map of the image

  Image Entry point : 0x08000189

  Load Region LR_IROM1 (Base: 0x08000000, Size: 0x00003d5c, Max: 0x00080000, ABSOLUTE)

    Execution Region ER_IROM1 (Exec base: 0x08000000, Load base: 0x08000000, Size: 0x00003d40, Max: 0x00080000, ABSOLUTE)

    Exec Addr    Load Addr    Size         Type   Attr      Idx    E Section Name        Object

    0x08000000   0x08000000   0x00000188   Data   RO            3    RESET               startup_stm32f407xx.o
    0x08000188   0x08000188   0x00000008   Code   RO         3356  * !!!main             c_w.l(__main.o)
    0x08000190   0x08000190   0x00000034   Code   RO         3647    !!!scatter          c_w.l(__scatter.o)
    0x080001c4   0x080001c4   0x0000001a   Code   RO         3649    !!handler_copy      c_w.l(__scatter_copy.o)
    0x080001de   0x080001de   0x00000002   PAD
    0x080001e0   0x080001e0   0x0000001c   Code   RO         3651    !!handler_zi        c_w.l(__scatter_zi.o)
    0x080001fc   0x080001fc   0x00000002   Code   RO         3518    .ARM.Collect$$libinit$$00000000  c_w.l(libinit.o)
    0x080001fe   0x080001fe   0x00000004   Code   RO         3527    .ARM.Collect$$libinit$$00000001  c_w.l(libinit2.o)
    0x08000202   0x08000202   0x00000000   Code   RO         3530    .ARM.Collect$$libinit$$00000004  c_w.l(libinit2.o)
    0x08000202   0x08000202   0x00000000   Code   RO         3533    .ARM.Collect$$libinit$$0000000A  c_w.l(libinit2.o)
    0x08000202   0x08000202   0x00000000   Code   RO         3535    .ARM.Collect$$libinit$$0000000C  c_w.l(libinit2.o)
    0x08000202   0x08000202   0x00000000   Code   RO         3537    .ARM.Collect$$libinit$$0000000E  c_w.l(libinit2.o)
    0x08000202   0x08000202   0x00000000   Code   RO         3540    .ARM.Collect$$libinit$$00000011  c_w.l(libinit2.o)
    0x08000202   0x08000202   0x00000000   Code   RO         3542    .ARM.Collect$$libinit$$00000013  c_w.l(libinit2.o)
    0x08000202   0x08000202   0x00000000   Code   RO         3544    .ARM.Collect$$libinit$$00000015  c_w.l(libinit2.o)
    0x08000202   0x08000202   0x00000000   Code   RO         3546    .ARM.Collect$$libinit$$00000017  c_w.l(libinit2.o)
    0x08000202   0x08000202   0x00000000   Code   RO         3548    .ARM.Collect$$libinit$$00000019  c_w.l(libinit2.o)
    0x08000202   0x08000202   0x00000000   Code   RO         3550    .ARM.Collect$$libinit$$0000001B  c_w.l(libinit2.o)
    0x08000202   0x08000202   0x00000000   Code   RO         3552    .ARM.Collect$$libinit$$0000001D  c_w.l(libinit2.o)
    0x08000202   0x08000202   0x00000000   Code   RO         3554    .ARM.Collect$$libinit$$0000001F  c_w.l(libinit2.o)
    0x08000202   0x08000202   0x00000000   Code   RO         3556    .ARM.Collect$$libinit$$00000021  c_w.l(libinit2.o)
    0x08000202   0x08000202   0x00000000   Code   RO         3558    .ARM.Collect$$libinit$$00000023  c_w.l(libinit2.o)
    0x08000202   0x08000202   0x00000000   Code   RO         3560    .ARM.Collect$$libinit$$00000025  c_w.l(libinit2.o)
    0x08000202   0x08000202   0x00000000   Code   RO         3564    .ARM.Collect$$libinit$$0000002C  c_w.l(libinit2.o)
    0x08000202   0x08000202   0x00000000   Code   RO         3566    .ARM.Collect$$libinit$$0000002E  c_w.l(libinit2.o)
    0x08000202   0x08000202   0x00000000   Code   RO         3568    .ARM.Collect$$libinit$$00000030  c_w.l(libinit2.o)
    0x08000202   0x08000202   0x00000000   Code   RO         3570    .ARM.Collect$$libinit$$00000032  c_w.l(libinit2.o)
    0x08000202   0x08000202   0x00000002   Code   RO         3571    .ARM.Collect$$libinit$$00000033  c_w.l(libinit2.o)
    0x08000204   0x08000204   0x00000002   Code   RO         3602    .ARM.Collect$$libshutdown$$00000000  c_w.l(libshutdown.o)
    0x08000206   0x08000206   0x00000000   Code   RO         3628    .ARM.Collect$$libshutdown$$00000002  c_w.l(libshutdown2.o)
    0x08000206   0x08000206   0x00000000   Code   RO         3630    .ARM.Collect$$libshutdown$$00000004  c_w.l(libshutdown2.o)
    0x08000206   0x08000206   0x00000000   Code   RO         3632    .ARM.Collect$$libshutdown$$00000006  c_w.l(libshutdown2.o)
    0x08000206   0x08000206   0x00000000   Code   RO         3635    .ARM.Collect$$libshutdown$$00000009  c_w.l(libshutdown2.o)
    0x08000206   0x08000206   0x00000000   Code   RO         3638    .ARM.Collect$$libshutdown$$0000000C  c_w.l(libshutdown2.o)
    0x08000206   0x08000206   0x00000000   Code   RO         3640    .ARM.Collect$$libshutdown$$0000000E  c_w.l(libshutdown2.o)
    0x08000206   0x08000206   0x00000000   Code   RO         3643    .ARM.Collect$$libshutdown$$00000011  c_w.l(libshutdown2.o)
    0x08000206   0x08000206   0x00000002   Code   RO         3644    .ARM.Collect$$libshutdown$$00000012  c_w.l(libshutdown2.o)
    0x08000208   0x08000208   0x00000000   Code   RO         3422    .ARM.Collect$$rtentry$$00000000  c_w.l(__rtentry.o)
    0x08000208   0x08000208   0x00000000   Code   RO         3471    .ARM.Collect$$rtentry$$00000002  c_w.l(__rtentry2.o)
    0x08000208   0x08000208   0x00000006   Code   RO         3483    .ARM.Collect$$rtentry$$00000004  c_w.l(__rtentry4.o)
    0x0800020e   0x0800020e   0x00000000   Code   RO         3473    .ARM.Collect$$rtentry$$00000009  c_w.l(__rtentry2.o)
    0x0800020e   0x0800020e   0x00000004   Code   RO         3474    .ARM.Collect$$rtentry$$0000000A  c_w.l(__rtentry2.o)
    0x08000212   0x08000212   0x00000000   Code   RO         3476    .ARM.Collect$$rtentry$$0000000C  c_w.l(__rtentry2.o)
    0x08000212   0x08000212   0x00000008   Code   RO         3477    .ARM.Collect$$rtentry$$0000000D  c_w.l(__rtentry2.o)
    0x0800021a   0x0800021a   0x00000002   Code   RO         3519    .ARM.Collect$$rtexit$$00000000  c_w.l(rtexit.o)
    0x0800021c   0x0800021c   0x00000000   Code   RO         3575    .ARM.Collect$$rtexit$$00000002  c_w.l(rtexit2.o)
    0x0800021c   0x0800021c   0x00000004   Code   RO         3576    .ARM.Collect$$rtexit$$00000003  c_w.l(rtexit2.o)
    0x08000220   0x08000220   0x00000006   Code   RO         3577    .ARM.Collect$$rtexit$$00000004  c_w.l(rtexit2.o)
    0x08000226   0x08000226   0x00000002   PAD
    0x08000228   0x08000228   0x00000040   Code   RO            4    .text               startup_stm32f407xx.o
    0x08000268   0x08000268   0x000000ee   Code   RO         3350    .text               c_w.l(lludivv7m.o)
    0x08000356   0x08000356   0x0000004e   Code   RO         3352    .text               c_w.l(rt_memclr_w.o)
    0x080003a4   0x080003a4   0x00000006   Code   RO         3354    .text               c_w.l(heapauxi.o)
    0x080003aa   0x080003aa   0x00000016   Code   RO         3427    .text               c_w.l(_rserrno.o)
    0x080003c0   0x080003c0   0x00000008   Code   RO         3490    .text               c_w.l(rt_errno_addr_intlibspace.o)
    0x080003c8   0x080003c8   0x00000008   Code   RO         3502    .text               c_w.l(libspace.o)
    0x080003d0   0x080003d0   0x0000004a   Code   RO         3505    .text               c_w.l(sys_stackheap_outer.o)
    0x0800041a   0x0800041a   0x00000012   Code   RO         3507    .text               c_w.l(exit.o)
    0x0800042c   0x0800042c   0x0000000c   Code   RO         3572    .text               c_w.l(sys_exit.o)
    0x08000438   0x08000438   0x00000002   Code   RO         3591    .text               c_w.l(use_no_semi.o)
    0x0800043a   0x0800043a   0x00000000   Code   RO         3593    .text               c_w.l(indicate_semi.o)
    0x0800043a   0x0800043a   0x00000002   Code   RO          442    i.BusFault_Handler  stm32f4xx_it.o
    0x0800043c   0x0800043c   0x00000002   Code   RO          443    i.DebugMon_Handler  stm32f4xx_it.o
    0x0800043e   0x0800043e   0x00000002   PAD
    0x08000440   0x08000440   0x0000003c   Code   RO          598    i.FSMC_NORSRAM_Extended_Timing_Init  stm32f4xx_ll_fsmc.o
    0x0800047c   0x0800047c   0x00000068   Code   RO          599    i.FSMC_NORSRAM_Init  stm32f4xx_ll_fsmc.o
    0x080004e4   0x080004e4   0x00000044   Code   RO          600    i.FSMC_NORSRAM_Timing_Init  stm32f4xx_ll_fsmc.o
    0x08000528   0x08000528   0x00000024   Code   RO         1597    i.HAL_Delay         stm32f4xx_hal.o
    0x0800054c   0x0800054c   0x00000074   Code   RO          517    i.HAL_FSMC_MspInit  stm32f4xx_hal_msp.o
    0x080005c0   0x080005c0   0x000001f0   Code   RO         1071    i.HAL_GPIO_Init     stm32f4xx_hal_gpio.o
    0x080007b0   0x080007b0   0x0000000a   Code   RO         1075    i.HAL_GPIO_WritePin  stm32f4xx_hal_gpio.o
    0x080007ba   0x080007ba   0x00000002   PAD
    0x080007bc   0x080007bc   0x0000000c   Code   RO         1603    i.HAL_GetTick       stm32f4xx_hal.o
    0x080007c8   0x080007c8   0x00000010   Code   RO         1609    i.HAL_IncTick       stm32f4xx_hal.o
    0x080007d8   0x080007d8   0x00000034   Code   RO         1610    i.HAL_Init          stm32f4xx_hal.o
    0x0800080c   0x0800080c   0x00000040   Code   RO         1611    i.HAL_InitTick      stm32f4xx_hal.o
    0x0800084c   0x0800084c   0x00000030   Code   RO          518    i.HAL_MspInit       stm32f4xx_hal_msp.o
    0x0800087c   0x0800087c   0x00000040   Code   RO         1466    i.HAL_NVIC_SetPriority  stm32f4xx_hal_cortex.o
    0x080008bc   0x080008bc   0x00000024   Code   RO         1467    i.HAL_NVIC_SetPriorityGrouping  stm32f4xx_hal_cortex.o
    0x080008e0   0x080008e0   0x00000134   Code   RO          717    i.HAL_RCC_ClockConfig  stm32f4xx_hal_rcc.o
    0x08000a14   0x08000a14   0x00000020   Code   RO          724    i.HAL_RCC_GetPCLK1Freq  stm32f4xx_hal_rcc.o
    0x08000a34   0x08000a34   0x00000020   Code   RO          725    i.HAL_RCC_GetPCLK2Freq  stm32f4xx_hal_rcc.o
    0x08000a54   0x08000a54   0x00000064   Code   RO          726    i.HAL_RCC_GetSysClockFreq  stm32f4xx_hal_rcc.o
    0x08000ab8   0x08000ab8   0x0000036c   Code   RO          729    i.HAL_RCC_OscConfig  stm32f4xx_hal_rcc.o
    0x08000e24   0x08000e24   0x0000005c   Code   RO         1852    i.HAL_SRAM_Init     stm32f4xx_hal_sram.o
    0x08000e80   0x08000e80   0x00000004   Code   RO          520    i.HAL_SRAM_MspInit  stm32f4xx_hal_msp.o
    0x08000e84   0x08000e84   0x00000028   Code   RO         1471    i.HAL_SYSTICK_Config  stm32f4xx_hal_cortex.o
    0x08000eac   0x08000eac   0x00000054   Code   RO         2692    i.HAL_TIMEx_ConfigBreakDeadTime  stm32f4xx_hal_tim_ex.o
    0x08000f00   0x08000f00   0x00000090   Code   RO         2708    i.HAL_TIMEx_MasterConfigSynchronization  stm32f4xx_hal_tim_ex.o
    0x08000f90   0x08000f90   0x0000005a   Code   RO         1985    i.HAL_TIM_Base_Init  stm32f4xx_hal_tim.o
    0x08000fea   0x08000fea   0x00000002   PAD
    0x08000fec   0x08000fec   0x00000028   Code   RO          522    i.HAL_TIM_Base_MspInit  stm32f4xx_hal_msp.o
    0x08001014   0x08001014   0x000000dc   Code   RO         1994    i.HAL_TIM_ConfigClockSource  stm32f4xx_hal_tim.o
    0x080010f0   0x080010f0   0x00000054   Code   RO          523    i.HAL_TIM_MspPostInit  stm32f4xx_hal_msp.o
    0x08001144   0x08001144   0x000000cc   Code   RO         2057    i.HAL_TIM_PWM_ConfigChannel  stm32f4xx_hal_tim.o
    0x08001210   0x08001210   0x0000005a   Code   RO         2060    i.HAL_TIM_PWM_Init  stm32f4xx_hal_tim.o
    0x0800126a   0x0800126a   0x00000002   Code   RO         2062    i.HAL_TIM_PWM_MspInit  stm32f4xx_hal_tim.o
    0x0800126c   0x0800126c   0x000000c8   Code   RO         2065    i.HAL_TIM_PWM_Start  stm32f4xx_hal_tim.o
    0x08001334   0x08001334   0x00000062   Code   RO         2985    i.HAL_UART_Init     stm32f4xx_hal_uart.o
    0x08001396   0x08001396   0x00000002   PAD
    0x08001398   0x08001398   0x00000068   Code   RO          525    i.HAL_UART_MspInit  stm32f4xx_hal_msp.o
    0x08001400   0x08001400   0x000000c0   Code   RO         2988    i.HAL_UART_Receive  stm32f4xx_hal_uart.o
    0x080014c0   0x080014c0   0x000000b2   Code   RO         2993    i.HAL_UART_Transmit  stm32f4xx_hal_uart.o
    0x08001572   0x08001572   0x00000002   Code   RO          444    i.HardFault_Handler  stm32f4xx_it.o
    0x08001574   0x08001574   0x0000001c   Code   RO          230    i.ILI9341_DrawPixel  ma_ili9341.o
    0x08001590   0x08001590   0x00000048   Code   RO          231    i.ILI9341_Fill      ma_ili9341.o
    0x080015d8   0x080015d8   0x000000c0   Code   RO          233    i.ILI9341_Init      ma_ili9341.o
    0x08001698   0x08001698   0x00000034   Code   RO          236    i.ILI9341_SetCursorPosition  ma_ili9341.o
    0x080016cc   0x080016cc   0x00000054   Code   RO          247    i.ILI9341_setRotation  ma_ili9341.o
    0x08001720   0x08001720   0x00000070   Code   RO          374    i.MX_FSMC_Init      main.o
    0x08001790   0x08001790   0x0000007c   Code   RO          375    i.MX_GPIO_Init      main.o
    0x0800180c   0x0800180c   0x000000cc   Code   RO          376    i.MX_TIM1_Init      main.o
    0x080018d8   0x080018d8   0x00000002   Code   RO          445    i.MemManage_Handler  stm32f4xx_it.o
    0x080018da   0x080018da   0x00000002   Code   RO          446    i.NMI_Handler       stm32f4xx_it.o
    0x080018dc   0x080018dc   0x00000002   Code   RO          447    i.PendSV_Handler    stm32f4xx_it.o
    0x080018de   0x080018de   0x00000002   Code   RO          448    i.SVC_Handler       stm32f4xx_it.o
    0x080018e0   0x080018e0   0x00000004   Code   RO          449    i.SysTick_Handler   stm32f4xx_it.o
    0x080018e4   0x080018e4   0x00000094   Code   RO          377    i.SystemClock_Config  main.o
    0x08001978   0x08001978   0x00000010   Code   RO         3314    i.SystemInit        system_stm32f4xx.o
    0x08001988   0x08001988   0x000000c8   Code   RO         2078    i.TIM_Base_SetConfig  stm32f4xx_hal_tim.o
    0x08001a50   0x08001a50   0x0000001a   Code   RO         2079    i.TIM_CCxChannelCmd  stm32f4xx_hal_tim.o
    0x08001a6a   0x08001a6a   0x00000014   Code   RO         2089    i.TIM_ETR_SetConfig  stm32f4xx_hal_tim.o
    0x08001a7e   0x08001a7e   0x00000010   Code   RO         2090    i.TIM_ITRx_SetConfig  stm32f4xx_hal_tim.o
    0x08001a8e   0x08001a8e   0x00000002   PAD
    0x08001a90   0x08001a90   0x00000060   Code   RO         2091    i.TIM_OC1_SetConfig  stm32f4xx_hal_tim.o
    0x08001af0   0x08001af0   0x0000006c   Code   RO         2092    i.TIM_OC2_SetConfig  stm32f4xx_hal_tim.o
    0x08001b5c   0x08001b5c   0x00000068   Code   RO         2093    i.TIM_OC3_SetConfig  stm32f4xx_hal_tim.o
    0x08001bc4   0x08001bc4   0x00000050   Code   RO         2094    i.TIM_OC4_SetConfig  stm32f4xx_hal_tim.o
    0x08001c14   0x08001c14   0x00000022   Code   RO         2096    i.TIM_TI1_ConfigInputStage  stm32f4xx_hal_tim.o
    0x08001c36   0x08001c36   0x00000024   Code   RO         2098    i.TIM_TI2_ConfigInputStage  stm32f4xx_hal_tim.o
    0x08001c5a   0x08001c5a   0x00000002   PAD
    0x08001c5c   0x08001c5c   0x0000010c   Code   RO         3011    i.UART_SetConfig    stm32f4xx_hal_uart.o
    0x08001d68   0x08001d68   0x00000078   Code   RO         3014    i.UART_WaitOnFlagUntilTimeout  stm32f4xx_hal_uart.o
    0x08001de0   0x08001de0   0x00000002   Code   RO          450    i.UsageFault_Handler  stm32f4xx_it.o
    0x08001de2   0x08001de2   0x00000030   Code   RO         3498    i.__ARM_fpclassify  m_wm.l(fpclassify.o)
    0x08001e12   0x08001e12   0x00000020   Code   RO         1473    i.__NVIC_SetPriority  stm32f4xx_hal_cortex.o
    0x08001e32   0x08001e32   0x00000006   PAD
    0x08001e38   0x08001e38   0x000000c8   Code   RO         3392    i.__hardfp_cos      m_wm.l(cos.o)
    0x08001f00   0x08001f00   0x00000118   Code   RO         3404    i.__hardfp_floor    m_wm.l(floor.o)
    0x08002018   0x08002018   0x000000c8   Code   RO         3410    i.__hardfp_sin      m_wm.l(sin.o)
    0x080020e0   0x080020e0   0x00000438   Code   RO         3459    i.__ieee754_rem_pio2  m_wm.l(rred.o)
    0x08002518   0x08002518   0x00000170   Code   RO         3442    i.__kernel_cos      m_wm.l(cos_i.o)
    0x08002688   0x08002688   0x000000f8   Code   RO         3500    i.__kernel_poly     m_wm.l(poly.o)
    0x08002780   0x08002780   0x00000130   Code   RO         3464    i.__kernel_sin      m_wm.l(sin_i.o)
    0x080028b0   0x080028b0   0x00000014   Code   RO         3446    i.__mathlib_dbl_infnan  m_wm.l(dunder.o)
    0x080028c4   0x080028c4   0x00000004   PAD
    0x080028c8   0x080028c8   0x00000020   Code   RO         3448    i.__mathlib_dbl_invalid  m_wm.l(dunder.o)
    0x080028e8   0x080028e8   0x00000020   Code   RO         3451    i.__mathlib_dbl_underflow  m_wm.l(dunder.o)
    0x08002908   0x08002908   0x00000018   Code   RO         3494    i.fabs              m_wm.l(fabs.o)
    0x08002920   0x08002920   0x00000016   Code   RO           13    i.lidar_check_node  rplidara1.o
    0x08002936   0x08002936   0x00000002   PAD
    0x08002938   0x08002938   0x000003fc   Code   RO           17    i.lidar_get_point   rplidara1.o
    0x08002d34   0x08002d34   0x00000020   Code   RO           23    i.lidar_read_node   rplidara1.o
    0x08002d54   0x08002d54   0x00000040   Code   RO           25    i.lidar_read_scan   rplidara1.o
    0x08002d94   0x08002d94   0x00000020   Code   RO           26    i.lidar_setup       rplidara1.o
    0x08002db4   0x08002db4   0x00000034   Code   RO           27    i.lidar_start_scan  rplidara1.o
    0x08002de8   0x08002de8   0x00000294   Code   RO          378    i.main              main.o
    0x0800307c   0x0800307c   0x00000018   Code   RO         3429    x$fpl$basic         fz_wm.l(basic.o)
    0x08003094   0x08003094   0x00000062   Code   RO         3358    x$fpl$d2f           fz_wm.l(d2f.o)
    0x080030f6   0x080030f6   0x00000002   PAD
    0x080030f8   0x080030f8   0x00000150   Code   RO         3360    x$fpl$dadd          fz_wm.l(daddsub_clz.o)
    0x08003248   0x08003248   0x00000018   Code   RO         3431    x$fpl$dcmpinf       fz_wm.l(dcmpi.o)
    0x08003260   0x08003260   0x000002b0   Code   RO         3367    x$fpl$ddiv          fz_wm.l(ddiv.o)
    0x08003510   0x08003510   0x0000005e   Code   RO         3370    x$fpl$dfix          fz_wm.l(dfix.o)
    0x0800356e   0x0800356e   0x00000002   PAD
    0x08003570   0x08003570   0x0000005a   Code   RO         3374    x$fpl$dfixu         fz_wm.l(dfixu.o)
    0x080035ca   0x080035ca   0x0000002e   Code   RO         3379    x$fpl$dflt          fz_wm.l(dflt_clz.o)
    0x080035f8   0x080035f8   0x00000026   Code   RO         3378    x$fpl$dfltu         fz_wm.l(dflt_clz.o)
    0x0800361e   0x0800361e   0x00000002   PAD
    0x08003620   0x08003620   0x00000078   Code   RO         3384    x$fpl$dleqf         fz_wm.l(dleqf.o)
    0x08003698   0x08003698   0x00000154   Code   RO         3386    x$fpl$dmul          fz_wm.l(dmul.o)
    0x080037ec   0x080037ec   0x0000009c   Code   RO         3433    x$fpl$dnaninf       fz_wm.l(dnaninf.o)
    0x08003888   0x08003888   0x0000000c   Code   RO         3435    x$fpl$dretinf       fz_wm.l(dretinf.o)
    0x08003894   0x08003894   0x0000006c   Code   RO         3388    x$fpl$drleqf        fz_wm.l(drleqf.o)
    0x08003900   0x08003900   0x00000016   Code   RO         3361    x$fpl$drsb          fz_wm.l(daddsub_clz.o)
    0x08003916   0x08003916   0x00000002   PAD
    0x08003918   0x08003918   0x000001d4   Code   RO         3362    x$fpl$dsub          fz_wm.l(daddsub_clz.o)
    0x08003aec   0x08003aec   0x00000056   Code   RO         3390    x$fpl$f2d           fz_wm.l(f2d.o)
    0x08003b42   0x08003b42   0x0000008c   Code   RO         3437    x$fpl$fnaninf       fz_wm.l(fnaninf.o)
    0x08003bce   0x08003bce   0x0000000a   Code   RO         3587    x$fpl$fpinit        fz_wm.l(fpinit.o)
    0x08003bd8   0x08003bd8   0x0000000a   Code   RO         3439    x$fpl$fretinf       fz_wm.l(fretinf.o)
    0x08003be2   0x08003be2   0x00000000   Code   RO         3441    x$fpl$usenofp       fz_wm.l(usenofp.o)
    0x08003be2   0x08003be2   0x00000010   Data   RO         3315    .constdata          system_stm32f4xx.o
    0x08003bf2   0x08003bf2   0x00000008   Data   RO         3316    .constdata          system_stm32f4xx.o
    0x08003bfa   0x08003bfa   0x00000006   PAD
    0x08003c00   0x08003c00   0x00000030   Data   RO         3443    .constdata          m_wm.l(cos_i.o)
    0x08003c30   0x08003c30   0x000000c8   Data   RO         3461    .constdata          m_wm.l(rred.o)
    0x08003cf8   0x08003cf8   0x00000028   Data   RO         3465    .constdata          m_wm.l(sin_i.o)
    0x08003d20   0x08003d20   0x00000020   Data   RO         3645    Region$$Table       anon$$obj.o


    Execution Region RW_IRAM1 (Exec base: 0x20000000, Load base: 0x08003d40, Size: 0x00000d88, Max: 0x0001c000, ABSOLUTE)

    Exec Addr    Load Addr    Size         Type   Attr      Idx    E Section Name        Object

    0x20000000   0x08003d40   0x00000002   Data   RW          250    .data               ma_ili9341.o
    0x20000002   0x08003d42   0x00000001   Data   RW          387    .data               main.o
    0x20000003   0x08003d43   0x00000001   PAD
    0x20000004   0x08003d44   0x00000008   Data   RW          526    .data               stm32f4xx_hal_msp.o
    0x2000000c   0x08003d4c   0x0000000c   Data   RW         1617    .data               stm32f4xx_hal.o
    0x20000018   0x08003d58   0x00000004   Data   RW         3317    .data               system_stm32f4xx.o
    0x2000001c        -       0x00000708   Zero   RW          379    .bss                main.o
    0x20000724        -       0x00000060   Zero   RW         3503    .bss                c_w.l(libspace.o)
    0x20000784   0x08003d5c   0x00000004   PAD
    0x20000788        -       0x00000200   Zero   RW            2    HEAP                startup_stm32f407xx.o
    0x20000988        -       0x00000400   Zero   RW            1    STACK               startup_stm32f407xx.o


    Execution Region RW_IRAM2 (Exec base: 0x2001c000, Load base: 0x08003d5c, Size: 0x00000000, Max: 0x00004000, ABSOLUTE)

    **** No section assigned to this execution region ****


==============================================================================

Image component sizes


      Code (inc. data)   RO Data    RW Data    ZI Data      Debug   Object Name

       428         34          0          2          0       8277   ma_ili9341.o
      1248         92          0          1       1800       8091   main.o
      1222         82          0          0          0     711772   rplidara1.o
        64         26        392          0       1536        852   startup_stm32f407xx.o
       180         28          0         12          0       9473   stm32f4xx_hal.o
       172         14          0          0          0      33298   stm32f4xx_hal_cortex.o
       506         46          0          0          0       2216   stm32f4xx_hal_gpio.o
       396         58          0          8          0       4321   stm32f4xx_hal_msp.o
      1348         76          0          0          0       5288   stm32f4xx_hal_rcc.o
        92          0          0          0          0       1236   stm32f4xx_hal_sram.o
      1526        108          0          0          0      13136   stm32f4xx_hal_tim.o
       228         28          0          0          0       2188   stm32f4xx_hal_tim_ex.o
       856         10          0          0          0       5487   stm32f4xx_hal_uart.o
        20          0          0          0          0       4238   stm32f4xx_it.o
       232         14          0          0          0       3979   stm32f4xx_ll_fsmc.o
        16          4         24          4          0       1151   system_stm32f4xx.o

    ----------------------------------------------------------------------
      8554        620        454         28       3336     815003   Object Totals
         0          0         32          0          0          0   (incl. Generated)
        20          0          6          1          0          0   (incl. Padding)

    ----------------------------------------------------------------------

      Code (inc. data)   RO Data    RW Data    ZI Data      Debug   Library Member Name

         8          0          0          0          0         68   __main.o
         0          0          0          0          0          0   __rtentry.o
        12          0          0          0          0          0   __rtentry2.o
         6          0          0          0          0          0   __rtentry4.o
        52          8          0          0          0          0   __scatter.o
        26          0          0          0          0          0   __scatter_copy.o
        28          0          0          0          0          0   __scatter_zi.o
        22          0          0          0          0        100   _rserrno.o
        18          0          0          0          0         80   exit.o
         6          0          0          0          0        152   heapauxi.o
         0          0          0          0          0          0   indicate_semi.o
         2          0          0          0          0          0   libinit.o
         6          0          0          0          0          0   libinit2.o
         2          0          0          0          0          0   libshutdown.o
         2          0          0          0          0          0   libshutdown2.o
         8          4          0          0         96         68   libspace.o
       238          0          0          0          0        100   lludivv7m.o
         8          4          0          0          0         68   rt_errno_addr_intlibspace.o
        78          0          0          0          0         80   rt_memclr_w.o
         2          0          0          0          0          0   rtexit.o
        10          0          0          0          0          0   rtexit2.o
        12          4          0          0          0         68   sys_exit.o
        74          0          0          0          0         80   sys_stackheap_outer.o
         2          0          0          0          0         68   use_no_semi.o
        24          0          0          0          0        164   basic.o
        98          4          0          0          0        140   d2f.o
       826         16          0          0          0        492   daddsub_clz.o
        24          0          0          0          0        116   dcmpi.o
       688        140          0          0          0        256   ddiv.o
        94          4          0          0          0        140   dfix.o
        90          4          0          0          0        140   dfixu.o
        84          0          0          0          0        232   dflt_clz.o
       120          4          0          0          0        140   dleqf.o
       340         12          0          0          0        152   dmul.o
       156          4          0          0          0        140   dnaninf.o
        12          0          0          0          0        116   dretinf.o
       108          0          0          0          0        128   drleqf.o
        86          4          0          0          0        132   f2d.o
       140          4          0          0          0        132   fnaninf.o
        10          0          0          0          0        116   fpinit.o
        10          0          0          0          0        116   fretinf.o
         0          0          0          0          0          0   usenofp.o
       200         20          0          0          0        164   cos.o
       368         46         48          0          0        200   cos_i.o
        84         16          0          0          0        372   dunder.o
        24          0          0          0          0        124   fabs.o
       280         28          0          0          0        156   floor.o
        48          0          0          0          0        124   fpclassify.o
       248          0          0          0          0        152   poly.o
      1080        142        200          0          0        188   rred.o
       200         20          0          0          0        164   sin.o
       304         24         40          0          0        208   sin_i.o

    ----------------------------------------------------------------------
      6384        512        288          0        100       5636   Library Totals
        16          0          0          0          4          0   (incl. Padding)

    ----------------------------------------------------------------------

      Code (inc. data)   RO Data    RW Data    ZI Data      Debug   Library Name

       622         20          0          0         96        932   c_w.l
      2910        196          0          0          0       2852   fz_wm.l
      2836        296        288          0          0       1852   m_wm.l

    ----------------------------------------------------------------------
      6384        512        288          0        100       5636   Library Totals

    ----------------------------------------------------------------------

==============================================================================


      Code (inc. data)   RO Data    RW Data    ZI Data      Debug   

     14938       1132        742         28       3436     810375   Grand Totals
     14938       1132        742         28       3436     810375   ELF Image Totals
     14938       1132        742         28          0          0   ROM Totals

==============================================================================

    Total RO  Size (Code + RO Data)                15680 (  15.31kB)
    Total RW  Size (RW Data + ZI Data)              3464 (   3.38kB)
    Total ROM Size (Code + RO Data + RW Data)      15708 (  15.34kB)

==============================================================================

